INFO:__main__:Hi from python OverlayLogHandler 0
INFO:__main__:Hi from python OverlayLogHandler 1
INFO:__main__:Hi from python OverlayLogHandler 2
INFO:__main__:Hi from python OverlayLogHandler 3
INFO:__main__:Hi from python OverlayLogHandler 4
INFO:__main__:Hi from python OverlayLogHandler 5
INFO:__main__:Hi from python OverlayLogHandler 6
INFO:__main__:Hi from python OverlayLogHandler 7
INFO:__main__:Hi from python OverlayLogHandler 8
INFO:__main__:Hi from python OverlayLogHandler 9
INFO:__main__:Hi from python OverlayLogHandler 10
INFO:__main__:Hi from python OverlayLogHandler 11
INFO:__main__:Hi from python OverlayLogHandler 12
INFO:__main__:Hi from python OverlayLogHandler 13
INFO:__main__:Hi from python OverlayLogHandler 14
INFO:__main__:Hi from python OverlayLogHandler 15
INFO:__main__:Hi from python OverlayLogHandler 16
INFO:__main__:Hi from python OverlayLogHandler 17
INFO:__main__:Hi from python OverlayLogHandler 18
INFO:__main__:Hi from python OverlayLogHandler 19
INFO:__main__:Hi from python OverlayLogHandler 20
INFO:__main__:Hi from python OverlayLogHandler 21
INFO:__main__:Hi from python OverlayLogHandler 22
INFO:__main__:Hi from python OverlayLogHandler 23
INFO:__main__:Hi from python OverlayLogHandler 24
INFO:__main__:Hi from python OverlayLogHandler 25
INFO:__main__:Hi from python OverlayLogHandler 26
INFO:__main__:Hi from python OverlayLogHandler 27
INFO:__main__:Hi from python OverlayLogHandler 28
INFO:__main__:Hi from python OverlayLogHandler 29
INFO:__main__:Hi from python OverlayLogHandler 30
INFO:__main__:Hi from python OverlayLogHandler 31
INFO:__main__:Hi from python OverlayLogHandler 32
INFO:__main__:Hi from python OverlayLogHandler 33
INFO:__main__:Hi from python OverlayLogHandler 34
INFO:__main__:Hi from python OverlayLogHandler 35
INFO:__main__:Hi from python OverlayLogHandler 36
INFO:__main__:Hi from python OverlayLogHandler 37
INFO:__main__:Hi from python OverlayLogHandler 38
INFO:__main__:Hi from python OverlayLogHandler 39
INFO:__main__:Hi from python OverlayLogHandler 40
INFO:__main__:Hi from python OverlayLogHandler 41
INFO:__main__:Hi from python OverlayLogHandler 42
INFO:__main__:Hi from python OverlayLogHandler 43
INFO:__main__:Hi from python OverlayLogHandler 44
INFO:__main__:Hi from python OverlayLogHandler 45
INFO:__main__:Hi from python OverlayLogHandler 46
INFO:__main__:Hi from python OverlayLogHandler 47
INFO:__main__:Hi from python OverlayLogHandler 48
INFO:__main__:Hi from python OverlayLogHandler 49
INFO:__main__:Hi from python OverlayLogHandler 50
INFO:__main__:Hi from python OverlayLogHandler 51
INFO:__main__:Hi from python OverlayLogHandler 52
INFO:__main__:Hi from python OverlayLogHandler 53
INFO:__main__:Hi from python OverlayLogHandler 54
INFO:__main__:Hi from python OverlayLogHandler 55
INFO:__main__:Hi from python OverlayLogHandler 56
INFO:__main__:Hi from python OverlayLogHandler 57
INFO:__main__:Hi from python OverlayLogHandler 58
INFO:__main__:Hi from python OverlayLogHandler 59
INFO:__main__:Hi from python OverlayLogHandler 60
INFO:__main__:Hi from python OverlayLogHandler 61
INFO:__main__:Hi from python OverlayLogHandler 62
INFO:__main__:Hi from python OverlayLogHandler 63
INFO:__main__:Hi from python OverlayLogHandler 64
INFO:__main__:Hi from python OverlayLogHandler 65
INFO:__main__:Hi from python OverlayLogHandler 66
INFO:__main__:Hi from python OverlayLogHandler 67
INFO:__main__:Hi from python OverlayLogHandler 68
INFO:__main__:Hi from python OverlayLogHandler 69
INFO:__main__:Hi from python OverlayLogHandler 70
INFO:__main__:Hi from python OverlayLogHandler 71
INFO:__main__:Hi from python OverlayLogHandler 72
INFO:__main__:Hi from python OverlayLogHandler 73
INFO:__main__:Hi from python OverlayLogHandler 74
INFO:__main__:Hi from python OverlayLogHandler 75
INFO:__main__:Hi from python OverlayLogHandler 76
INFO:__main__:Hi from python OverlayLogHandler 77
INFO:__main__:Hi from python OverlayLogHandler 78
INFO:__main__:Hi from python OverlayLogHandler 79
INFO:__main__:Hi from python OverlayLogHandler 80
INFO:__main__:Hi from python OverlayLogHandler 81
INFO:__main__:Hi from python OverlayLogHandler 82
INFO:__main__:Hi from python OverlayLogHandler 83
INFO:__main__:Hi from python OverlayLogHandler 84
INFO:__main__:Hi from python OverlayLogHandler 85
INFO:__main__:Hi from python OverlayLogHandler 86
INFO:__main__:Hi from python OverlayLogHandler 87
INFO:__main__:Hi from python OverlayLogHandler 88
INFO:__main__:Hi from python OverlayLogHandler 89
INFO:__main__:Hi from python OverlayLogHandler 90
INFO:__main__:Hi from python OverlayLogHandler 91
INFO:__main__:Hi from python OverlayLogHandler 92
INFO:__main__:Hi from python OverlayLogHandler 93
INFO:__main__:Hi from python OverlayLogHandler 94
INFO:__main__:Hi from python OverlayLogHandler 95
INFO:__main__:Hi from python OverlayLogHandler 96
INFO:__main__:Hi from python OverlayLogHandler 97
INFO:__main__:Hi from python OverlayLogHandler 98
INFO:__main__:Hi from python OverlayLogHandler 99
INFO:__main__:Hi from python OverlayLogHandler 100
INFO:__main__:Hi from python OverlayLogHandler 101
INFO:__main__:Hi from python OverlayLogHandler 102
INFO:__main__:Hi from python OverlayLogHandler 103
INFO:__main__:Hi from python OverlayLogHandler 104
INFO:__main__:Hi from python OverlayLogHandler 105
INFO:__main__:Hi from python OverlayLogHandler 106
INFO:__main__:Hi from python OverlayLogHandler 107
INFO:__main__:Hi from python OverlayLogHandler 108
INFO:__main__:Hi from python OverlayLogHandler 109
INFO:__main__:Hi from python OverlayLogHandler 110
INFO:__main__:Hi from python OverlayLogHandler 111
INFO:__main__:Hi from python OverlayLogHandler 112
INFO:__main__:Hi from python OverlayLogHandler 113
INFO:__main__:Hi from python OverlayLogHandler 114
INFO:__main__:Hi from python OverlayLogHandler 115
INFO:__main__:Hi from python OverlayLogHandler 116
INFO:__main__:Hi from python OverlayLogHandler 117
INFO:__main__:Hi from python OverlayLogHandler 118
INFO:__main__:Hi from python OverlayLogHandler 119
INFO:__main__:Hi from python OverlayLogHandler 120
INFO:__main__:Hi from python OverlayLogHandler 121
INFO:__main__:Hi from python OverlayLogHandler 122
INFO:__main__:Hi from python OverlayLogHandler 123
INFO:__main__:Hi from python OverlayLogHandler 124
INFO:__main__:Hi from python OverlayLogHandler 125
INFO:__main__:Hi from python OverlayLogHandler 126
INFO:__main__:Hi from python OverlayLogHandler 127
INFO:__main__:Hi from python OverlayLogHandler 128
INFO:__main__:Hi from python OverlayLogHandler 129
INFO:__main__:Hi from python OverlayLogHandler 130
INFO:__main__:Hi from python OverlayLogHandler 131
INFO:__main__:Hi from python OverlayLogHandler 132
INFO:__main__:Hi from python OverlayLogHandler 133
INFO:__main__:Hi from python OverlayLogHandler 134
INFO:__main__:Hi from python OverlayLogHandler 135
INFO:__main__:Hi from python OverlayLogHandler 136
INFO:__main__:Hi from python OverlayLogHandler 137
INFO:__main__:Hi from python OverlayLogHandler 138
INFO:__main__:Hi from python OverlayLogHandler 139
INFO:__main__:Hi from python OverlayLogHandler 140
INFO:__main__:Hi from python OverlayLogHandler 141
INFO:__main__:Hi from python OverlayLogHandler 142
INFO:__main__:Hi from python OverlayLogHandler 143
INFO:__main__:Hi from python OverlayLogHandler 144
INFO:__main__:Hi from python OverlayLogHandler 145
INFO:__main__:Hi from python OverlayLogHandler 146
INFO:__main__:Hi from python OverlayLogHandler 147
INFO:__main__:Hi from python OverlayLogHandler 148
INFO:__main__:Hi from python OverlayLogHandler 149
INFO:__main__:Hi from python OverlayLogHandler 150
INFO:__main__:Hi from python OverlayLogHandler 151
INFO:__main__:Hi from python OverlayLogHandler 152
INFO:__main__:Hi from python OverlayLogHandler 153
INFO:__main__:Hi from python OverlayLogHandler 154
INFO:__main__:Hi from python OverlayLogHandler 155
INFO:__main__:Hi from python OverlayLogHandler 156
INFO:__main__:Hi from python OverlayLogHandler 157
INFO:__main__:Hi from python OverlayLogHandler 158
INFO:__main__:Hi from python OverlayLogHandler 159
INFO:__main__:Hi from python OverlayLogHandler 160
INFO:__main__:Hi from python OverlayLogHandler 161
INFO:__main__:Hi from python OverlayLogHandler 162
INFO:__main__:Hi from python OverlayLogHandler 163
INFO:__main__:Hi from python OverlayLogHandler 164
INFO:__main__:Hi from python OverlayLogHandler 165
INFO:__main__:Hi from python OverlayLogHandler 166
INFO:__main__:Hi from python OverlayLogHandler 167
INFO:__main__:Hi from python OverlayLogHandler 168
INFO:__main__:Hi from python OverlayLogHandler 169
INFO:__main__:Hi from python OverlayLogHandler 170
INFO:__main__:Hi from python OverlayLogHandler 171
INFO:__main__:Hi from python OverlayLogHandler 172
INFO:__main__:Hi from python OverlayLogHandler 173
INFO:__main__:Hi from python OverlayLogHandler 174
INFO:__main__:Hi from python OverlayLogHandler 175
INFO:__main__:Hi from python OverlayLogHandler 176
INFO:__main__:Hi from python OverlayLogHandler 177
INFO:__main__:Hi from python OverlayLogHandler 178
INFO:__main__:Hi from python OverlayLogHandler 179
INFO:__main__:Hi from python OverlayLogHandler 180
INFO:__main__:Hi from python OverlayLogHandler 181
INFO:__main__:Hi from python OverlayLogHandler 182
INFO:__main__:Hi from python OverlayLogHandler 183
INFO:__main__:Hi from python OverlayLogHandler 184
INFO:__main__:Hi from python OverlayLogHandler 185
INFO:__main__:Hi from python OverlayLogHandler 186
INFO:__main__:Hi from python OverlayLogHandler 187
INFO:__main__:Hi from python OverlayLogHandler 188
INFO:__main__:Hi from python OverlayLogHandler 189
INFO:__main__:Hi from python OverlayLogHandler 190
INFO:__main__:Hi from python OverlayLogHandler 191
INFO:__main__:Hi from python OverlayLogHandler 192
INFO:__main__:Hi from python OverlayLogHandler 193
INFO:__main__:Hi from python OverlayLogHandler 194
INFO:__main__:Hi from python OverlayLogHandler 195
INFO:__main__:Hi from python OverlayLogHandler 196
INFO:__main__:Hi from python OverlayLogHandler 197
INFO:__main__:Hi from python OverlayLogHandler 198
INFO:__main__:Hi from python OverlayLogHandler 199
INFO:__main__:Hi from python OverlayLogHandler 200
INFO:__main__:Hi from python OverlayLogHandler 201
INFO:__main__:Hi from python OverlayLogHandler 202
INFO:__main__:Hi from python OverlayLogHandler 203
INFO:__main__:Hi from python OverlayLogHandler 204
INFO:__main__:Hi from python OverlayLogHandler 205
INFO:__main__:Hi from python OverlayLogHandler 206
INFO:__main__:Hi from python OverlayLogHandler 207
INFO:__main__:Hi from python OverlayLogHandler 208
INFO:__main__:Hi from python OverlayLogHandler 209
INFO:__main__:Hi from python OverlayLogHandler 210
INFO:__main__:Hi from python OverlayLogHandler 211
INFO:__main__:Hi from python OverlayLogHandler 212
INFO:__main__:Hi from python OverlayLogHandler 213
INFO:__main__:Hi from python OverlayLogHandler 214
INFO:__main__:Hi from python OverlayLogHandler 215
INFO:__main__:Hi from python OverlayLogHandler 216
INFO:__main__:Hi from python OverlayLogHandler 217
INFO:__main__:Hi from python OverlayLogHandler 218
INFO:__main__:Hi from python OverlayLogHandler 219
INFO:__main__:Hi from python OverlayLogHandler 220
INFO:__main__:Hi from python OverlayLogHandler 221
INFO:__main__:Hi from python OverlayLogHandler 222
INFO:__main__:Hi from python OverlayLogHandler 223
INFO:__main__:Hi from python OverlayLogHandler 224
INFO:__main__:Hi from python OverlayLogHandler 225
INFO:__main__:Hi from python OverlayLogHandler 226
INFO:__main__:Hi from python OverlayLogHandler 227
INFO:__main__:Hi from python OverlayLogHandler 228
INFO:__main__:Hi from python OverlayLogHandler 229
INFO:__main__:Hi from python OverlayLogHandler 230
INFO:__main__:Hi from python OverlayLogHandler 231
INFO:__main__:Hi from python OverlayLogHandler 232
INFO:__main__:Hi from python OverlayLogHandler 233
INFO:__main__:Hi from python OverlayLogHandler 234
INFO:__main__:Hi from python OverlayLogHandler 235
INFO:__main__:Hi from python OverlayLogHandler 236
INFO:__main__:Hi from python OverlayLogHandler 237
INFO:__main__:Hi from python OverlayLogHandler 238
INFO:__main__:Hi from python OverlayLogHandler 239
INFO:__main__:Hi from python OverlayLogHandler 240
INFO:__main__:Hi from python OverlayLogHandler 241
INFO:__main__:Hi from python OverlayLogHandler 242
INFO:__main__:Hi from python OverlayLogHandler 243
INFO:__main__:Hi from python OverlayLogHandler 244
INFO:__main__:Hi from python OverlayLogHandler 245
INFO:__main__:Hi from python OverlayLogHandler 246
INFO:__main__:Hi from python OverlayLogHandler 247
INFO:__main__:Hi from python OverlayLogHandler 248
INFO:__main__:Hi from python OverlayLogHandler 249
INFO:__main__:Hi from python OverlayLogHandler 250
INFO:__main__:Hi from python OverlayLogHandler 251
INFO:__main__:Hi from python OverlayLogHandler 252
INFO:__main__:Hi from python OverlayLogHandler 253
INFO:__main__:Hi from python OverlayLogHandler 254
INFO:__main__:Hi from python OverlayLogHandler 255
INFO:__main__:Hi from python OverlayLogHandler 256
INFO:__main__:Hi from python OverlayLogHandler 257
INFO:__main__:Hi from python OverlayLogHandler 258
INFO:__main__:Hi from python OverlayLogHandler 259
INFO:__main__:Hi from python OverlayLogHandler 260
INFO:__main__:Hi from python OverlayLogHandler 261
INFO:__main__:Hi from python OverlayLogHandler 262
INFO:__main__:Hi from python OverlayLogHandler 263
INFO:__main__:Hi from python OverlayLogHandler 264
INFO:__main__:Hi from python OverlayLogHandler 265
INFO:__main__:Hi from python OverlayLogHandler 266
INFO:__main__:Hi from python OverlayLogHandler 267
INFO:__main__:Hi from python OverlayLogHandler 268
INFO:__main__:Hi from python OverlayLogHandler 269
INFO:__main__:Hi from python OverlayLogHandler 270
INFO:__main__:Hi from python OverlayLogHandler 271
INFO:__main__:Hi from python OverlayLogHandler 272
INFO:__main__:Hi from python OverlayLogHandler 273
INFO:__main__:Hi from python OverlayLogHandler 274
INFO:__main__:Hi from python OverlayLogHandler 275
INFO:__main__:Hi from python OverlayLogHandler 276
INFO:__main__:Hi from python OverlayLogHandler 277
INFO:__main__:Hi from python OverlayLogHandler 278
INFO:__main__:Hi from python OverlayLogHandler 279
INFO:__main__:Hi from python OverlayLogHandler 280
INFO:__main__:Hi from python OverlayLogHandler 281
INFO:__main__:Hi from python OverlayLogHandler 282
INFO:__main__:Hi from python OverlayLogHandler 283
INFO:__main__:Hi from python OverlayLogHandler 284
INFO:__main__:Hi from python OverlayLogHandler 285
INFO:__main__:Hi from python OverlayLogHandler 286
INFO:__main__:Hi from python OverlayLogHandler 287
INFO:__main__:Hi from python OverlayLogHandler 288
INFO:__main__:Hi from python OverlayLogHandler 289
INFO:__main__:Hi from python OverlayLogHandler 290
INFO:__main__:Hi from python OverlayLogHandler 291
INFO:__main__:Hi from python OverlayLogHandler 292
INFO:__main__:Hi from python OverlayLogHandler 293
INFO:__main__:Hi from python OverlayLogHandler 294
INFO:__main__:Hi from python OverlayLogHandler 295
INFO:__main__:Hi from python OverlayLogHandler 296
INFO:__main__:Hi from python OverlayLogHandler 297
INFO:__main__:Hi from python OverlayLogHandler 298
INFO:__main__:Hi from python OverlayLogHandler 299
INFO:__main__:Hi from python OverlayLogHandler 300
INFO:__main__:Hi from python OverlayLogHandler 301
INFO:__main__:Hi from python OverlayLogHandler 302
INFO:__main__:Hi from python OverlayLogHandler 303
INFO:__main__:Hi from python OverlayLogHandler 304
INFO:__main__:Hi from python OverlayLogHandler 305
INFO:__main__:Hi from python OverlayLogHandler 306
INFO:__main__:Hi from python OverlayLogHandler 307
INFO:__main__:Hi from python OverlayLogHandler 308
INFO:__main__:Hi from python OverlayLogHandler 309
INFO:__main__:Hi from python OverlayLogHandler 310
INFO:__main__:Hi from python OverlayLogHandler 311
INFO:__main__:Hi from python OverlayLogHandler 312
INFO:__main__:Hi from python OverlayLogHandler 313
INFO:__main__:Hi from python OverlayLogHandler 314
INFO:__main__:Hi from python OverlayLogHandler 315
INFO:__main__:Hi from python OverlayLogHandler 316
INFO:__main__:Hi from python OverlayLogHandler 317
INFO:__main__:Hi from python OverlayLogHandler 318
INFO:__main__:Hi from python OverlayLogHandler 319
INFO:__main__:Hi from python OverlayLogHandler 320
INFO:__main__:Hi from python OverlayLogHandler 321
INFO:__main__:Hi from python OverlayLogHandler 322
INFO:__main__:Hi from python OverlayLogHandler 323
INFO:__main__:Hi from python OverlayLogHandler 324
INFO:__main__:Hi from python OverlayLogHandler 325
INFO:__main__:Hi from python OverlayLogHandler 326
INFO:__main__:Hi from python OverlayLogHandler 327
INFO:__main__:Hi from python OverlayLogHandler 328
INFO:__main__:Hi from python OverlayLogHandler 329
INFO:__main__:Hi from python OverlayLogHandler 330
INFO:__main__:Hi from python OverlayLogHandler 331
INFO:__main__:Hi from python OverlayLogHandler 332
INFO:__main__:Hi from python OverlayLogHandler 333
INFO:__main__:Hi from python OverlayLogHandler 334
INFO:__main__:Hi from python OverlayLogHandler 335
INFO:__main__:Hi from python OverlayLogHandler 336
INFO:__main__:Hi from python OverlayLogHandler 337
INFO:__main__:Hi from python OverlayLogHandler 338
INFO:__main__:Hi from python OverlayLogHandler 339
INFO:__main__:Hi from python OverlayLogHandler 340
INFO:__main__:Hi from python OverlayLogHandler 341
INFO:__main__:Hi from python OverlayLogHandler 342
INFO:__main__:Hi from python OverlayLogHandler 343
INFO:__main__:Hi from python OverlayLogHandler 344
INFO:__main__:Hi from python OverlayLogHandler 345
INFO:__main__:Hi from python OverlayLogHandler 346
INFO:__main__:Hi from python OverlayLogHandler 347
INFO:__main__:Hi from python OverlayLogHandler 348
INFO:__main__:Hi from python OverlayLogHandler 349
INFO:__main__:Hi from python OverlayLogHandler 350
INFO:__main__:Hi from python OverlayLogHandler 351
INFO:__main__:Hi from python OverlayLogHandler 352
INFO:__main__:Hi from python OverlayLogHandler 353
INFO:__main__:Hi from python OverlayLogHandler 354
INFO:__main__:Hi from python OverlayLogHandler 355
INFO:__main__:Hi from python OverlayLogHandler 356
INFO:__main__:Hi from python OverlayLogHandler 357
INFO:__main__:Hi from python OverlayLogHandler 358
INFO:__main__:Hi from python OverlayLogHandler 359
INFO:__main__:Hi from python OverlayLogHandler 360
INFO:__main__:Hi from python OverlayLogHandler 361
INFO:__main__:Hi from python OverlayLogHandler 362
INFO:__main__:Hi from python OverlayLogHandler 363
INFO:__main__:Hi from python OverlayLogHandler 364
INFO:__main__:Hi from python OverlayLogHandler 365
INFO:__main__:Hi from python OverlayLogHandler 366
INFO:__main__:Hi from python OverlayLogHandler 367
INFO:__main__:Hi from python OverlayLogHandler 368
INFO:__main__:Hi from python OverlayLogHandler 369
INFO:__main__:Hi from python OverlayLogHandler 370
INFO:__main__:Hi from python OverlayLogHandler 371
INFO:__main__:Hi from python OverlayLogHandler 372
INFO:__main__:Hi from python OverlayLogHandler 373
INFO:__main__:Hi from python OverlayLogHandler 374
INFO:__main__:Hi from python OverlayLogHandler 375
INFO:__main__:Hi from python OverlayLogHandler 376
INFO:__main__:Hi from python OverlayLogHandler 377
INFO:__main__:Hi from python OverlayLogHandler 378
INFO:__main__:Hi from python OverlayLogHandler 379
INFO:__main__:Hi from python OverlayLogHandler 380
INFO:__main__:Hi from python OverlayLogHandler 381
INFO:__main__:Hi from python OverlayLogHandler 382
INFO:__main__:Hi from python OverlayLogHandler 383
INFO:__main__:Hi from python OverlayLogHandler 384
INFO:__main__:Hi from python OverlayLogHandler 385
INFO:__main__:Hi from python OverlayLogHandler 386
INFO:__main__:Hi from python OverlayLogHandler 387
INFO:__main__:Hi from python OverlayLogHandler 388
INFO:__main__:Hi from python OverlayLogHandler 389
INFO:__main__:Hi from python OverlayLogHandler 390
INFO:__main__:Hi from python OverlayLogHandler 391
INFO:__main__:Hi from python OverlayLogHandler 392
INFO:__main__:Hi from python OverlayLogHandler 393
INFO:__main__:Hi from python OverlayLogHandler 394
INFO:__main__:Hi from python OverlayLogHandler 395
INFO:__main__:Hi from python OverlayLogHandler 396
INFO:__main__:Hi from python OverlayLogHandler 397
INFO:__main__:Hi from python OverlayLogHandler 398
INFO:__main__:Hi from python OverlayLogHandler 399
INFO:__main__:Hi from python OverlayLogHandler 400
INFO:__main__:Hi from python OverlayLogHandler 401
INFO:__main__:Hi from python OverlayLogHandler 402
INFO:__main__:Hi from python OverlayLogHandler 403
INFO:__main__:Hi from python OverlayLogHandler 404
INFO:__main__:Hi from python OverlayLogHandler 405
INFO:__main__:Hi from python OverlayLogHandler 406
INFO:__main__:Hi from python OverlayLogHandler 407
INFO:__main__:Hi from python OverlayLogHandler 408
INFO:__main__:Hi from python OverlayLogHandler 409
INFO:__main__:Hi from python OverlayLogHandler 410
INFO:__main__:Hi from python OverlayLogHandler 411
INFO:__main__:Hi from python OverlayLogHandler 412
INFO:__main__:Hi from python OverlayLogHandler 413
INFO:__main__:Hi from python OverlayLogHandler 414
INFO:__main__:Hi from python OverlayLogHandler 415
INFO:__main__:Hi from python OverlayLogHandler 416
INFO:__main__:Hi from python OverlayLogHandler 417
INFO:__main__:Hi from python OverlayLogHandler 418
INFO:__main__:Hi from python OverlayLogHandler 419
INFO:__main__:Hi from python OverlayLogHandler 420
INFO:__main__:Hi from python OverlayLogHandler 421
INFO:__main__:Hi from python OverlayLogHandler 422
INFO:__main__:Hi from python OverlayLogHandler 423
INFO:__main__:Hi from python OverlayLogHandler 424
INFO:__main__:Hi from python OverlayLogHandler 425
INFO:__main__:Hi from python OverlayLogHandler 426
INFO:__main__:Hi from python OverlayLogHandler 427
INFO:__main__:Hi from python OverlayLogHandler 428
INFO:__main__:Hi from python OverlayLogHandler 429
INFO:__main__:Hi from python OverlayLogHandler 430
INFO:__main__:Hi from python OverlayLogHandler 431
INFO:__main__:Hi from python OverlayLogHandler 432
INFO:__main__:Hi from python OverlayLogHandler 433
INFO:__main__:Hi from python OverlayLogHandler 434
INFO:__main__:Hi from python OverlayLogHandler 435
INFO:__main__:Hi from python OverlayLogHandler 436
INFO:__main__:Hi from python OverlayLogHandler 437
INFO:__main__:Hi from python OverlayLogHandler 438
INFO:__main__:Hi from python OverlayLogHandler 439
INFO:__main__:Hi from python OverlayLogHandler 440
INFO:__main__:Hi from python OverlayLogHandler 441
INFO:__main__:Hi from python OverlayLogHandler 442
INFO:__main__:Hi from python OverlayLogHandler 443
INFO:__main__:Hi from python OverlayLogHandler 444
INFO:__main__:Hi from python OverlayLogHandler 445
INFO:__main__:Hi from python OverlayLogHandler 446
INFO:__main__:Hi from python OverlayLogHandler 447
INFO:__main__:Hi from python OverlayLogHandler 448
INFO:__main__:Hi from python OverlayLogHandler 449
INFO:__main__:Hi from python OverlayLogHandler 450
INFO:__main__:Hi from python OverlayLogHandler 451
INFO:__main__:Hi from python OverlayLogHandler 452
INFO:__main__:Hi from python OverlayLogHandler 453
INFO:__main__:Hi from python OverlayLogHandler 454
INFO:__main__:Hi from python OverlayLogHandler 455
INFO:__main__:Hi from python OverlayLogHandler 456
INFO:__main__:Hi from python OverlayLogHandler 457
INFO:__main__:Hi from python OverlayLogHandler 458
INFO:__main__:Hi from python OverlayLogHandler 459
INFO:__main__:Hi from python OverlayLogHandler 460
INFO:__main__:Hi from python OverlayLogHandler 461
INFO:__main__:Hi from python OverlayLogHandler 462
INFO:__main__:Hi from python OverlayLogHandler 463
INFO:__main__:Hi from python OverlayLogHandler 464
INFO:__main__:Hi from python OverlayLogHandler 465
INFO:__main__:Hi from python OverlayLogHandler 466
INFO:__main__:Hi from python OverlayLogHandler 467
INFO:__main__:Hi from python OverlayLogHandler 468
INFO:__main__:Hi from python OverlayLogHandler 469
INFO:__main__:Hi from python OverlayLogHandler 470
INFO:__main__:Hi from python OverlayLogHandler 471
INFO:__main__:Hi from python OverlayLogHandler 472
INFO:__main__:Hi from python OverlayLogHandler 473
INFO:__main__:Hi from python OverlayLogHandler 474
INFO:__main__:Hi from python OverlayLogHandler 475
INFO:__main__:Hi from python OverlayLogHandler 476
INFO:__main__:Hi from python OverlayLogHandler 477
INFO:__main__:Hi from python OverlayLogHandler 478
INFO:__main__:Hi from python OverlayLogHandler 479
INFO:__main__:Hi from python OverlayLogHandler 480
INFO:__main__:Hi from python OverlayLogHandler 481
INFO:__main__:Hi from python OverlayLogHandler 482
INFO:__main__:Hi from python OverlayLogHandler 483
INFO:__main__:Hi from python OverlayLogHandler 484
INFO:__main__:Hi from python OverlayLogHandler 485
INFO:__main__:Hi from python OverlayLogHandler 486
INFO:__main__:Hi from python OverlayLogHandler 487
INFO:__main__:Hi from python OverlayLogHandler 488
INFO:__main__:Hi from python OverlayLogHandler 489
INFO:__main__:Hi from python OverlayLogHandler 490
INFO:__main__:Hi from python OverlayLogHandler 491
INFO:__main__:Hi from python OverlayLogHandler 492
INFO:__main__:Hi from python OverlayLogHandler 493
INFO:__main__:Hi from python OverlayLogHandler 494
INFO:__main__:Hi from python OverlayLogHandler 495
INFO:__main__:Hi from python OverlayLogHandler 496
INFO:__main__:Hi from python OverlayLogHandler 497
INFO:__main__:Hi from python OverlayLogHandler 498
INFO:__main__:Hi from python OverlayLogHandler 499
INFO:__main__:Hi from python OverlayLogHandler 500
INFO:__main__:Hi from python OverlayLogHandler 501
INFO:__main__:Hi from python OverlayLogHandler 502
INFO:__main__:Hi from python OverlayLogHandler 503
INFO:__main__:Hi from python OverlayLogHandler 504
INFO:__main__:Hi from python OverlayLogHandler 505
INFO:__main__:Hi from python OverlayLogHandler 506
INFO:__main__:Hi from python OverlayLogHandler 507
INFO:__main__:Hi from python OverlayLogHandler 508
INFO:__main__:Hi from python OverlayLogHandler 509
INFO:__main__:Hi from python OverlayLogHandler 510
INFO:__main__:Hi from python OverlayLogHandler 511
INFO:__main__:Hi from python OverlayLogHandler 512
INFO:__main__:Hi from python OverlayLogHandler 513
INFO:__main__:Hi from python OverlayLogHandler 514
INFO:__main__:Hi from python OverlayLogHandler 515
INFO:__main__:Hi from python OverlayLogHandler 516
INFO:__main__:Hi from python OverlayLogHandler 517
INFO:__main__:Hi from python OverlayLogHandler 518
INFO:__main__:Hi from python OverlayLogHandler 519
INFO:__main__:Hi from python OverlayLogHandler 520
INFO:__main__:Hi from python OverlayLogHandler 521
INFO:__main__:Hi from python OverlayLogHandler 522
INFO:__main__:Hi from python OverlayLogHandler 523
INFO:__main__:Hi from python OverlayLogHandler 524
INFO:__main__:Hi from python OverlayLogHandler 525
INFO:__main__:Hi from python OverlayLogHandler 526
INFO:__main__:Hi from python OverlayLogHandler 527
INFO:__main__:Hi from python OverlayLogHandler 528
INFO:__main__:Hi from python OverlayLogHandler 529
INFO:__main__:Hi from python OverlayLogHandler 530
INFO:__main__:Hi from python OverlayLogHandler 531
INFO:__main__:Hi from python OverlayLogHandler 532
INFO:__main__:Hi from python OverlayLogHandler 533
INFO:__main__:Hi from python OverlayLogHandler 534
INFO:__main__:Hi from python OverlayLogHandler 535
INFO:__main__:Hi from python OverlayLogHandler 536
INFO:__main__:Hi from python OverlayLogHandler 537
INFO:__main__:Hi from python OverlayLogHandler 538
INFO:__main__:Hi from python OverlayLogHandler 539
INFO:__main__:Hi from python OverlayLogHandler 540
INFO:__main__:Hi from python OverlayLogHandler 541
INFO:__main__:Hi from python OverlayLogHandler 542
INFO:__main__:Hi from python OverlayLogHandler 543
INFO:__main__:Hi from python OverlayLogHandler 544
INFO:__main__:Hi from python OverlayLogHandler 545
INFO:__main__:Hi from python OverlayLogHandler 546
INFO:__main__:Hi from python OverlayLogHandler 547
INFO:__main__:Hi from python OverlayLogHandler 548
INFO:__main__:Hi from python OverlayLogHandler 549
INFO:__main__:Hi from python OverlayLogHandler 550
INFO:__main__:Hi from python OverlayLogHandler 551
INFO:__main__:Hi from python OverlayLogHandler 552
INFO:__main__:Hi from python OverlayLogHandler 553
INFO:__main__:Hi from python OverlayLogHandler 554
INFO:__main__:Hi from python OverlayLogHandler 555
INFO:__main__:Hi from python OverlayLogHandler 556
INFO:__main__:Hi from python OverlayLogHandler 557
INFO:__main__:Hi from python OverlayLogHandler 558
INFO:__main__:Hi from python OverlayLogHandler 559
INFO:__main__:Hi from python OverlayLogHandler 560
INFO:__main__:Hi from python OverlayLogHandler 561
INFO:__main__:Hi from python OverlayLogHandler 562
INFO:__main__:Hi from python OverlayLogHandler 563
INFO:__main__:Hi from python OverlayLogHandler 564
INFO:__main__:Hi from python OverlayLogHandler 565
INFO:__main__:Hi from python OverlayLogHandler 566
INFO:__main__:Hi from python OverlayLogHandler 567
INFO:__main__:Hi from python OverlayLogHandler 568
INFO:__main__:Hi from python OverlayLogHandler 569
INFO:__main__:Hi from python OverlayLogHandler 570
INFO:__main__:Hi from python OverlayLogHandler 571
INFO:__main__:Hi from python OverlayLogHandler 572
INFO:__main__:Hi from python OverlayLogHandler 573
INFO:__main__:Hi from python OverlayLogHandler 574
INFO:__main__:Hi from python OverlayLogHandler 575
INFO:__main__:Hi from python OverlayLogHandler 576
INFO:__main__:Hi from python OverlayLogHandler 577
INFO:__main__:Hi from python OverlayLogHandler 578
INFO:__main__:Hi from python OverlayLogHandler 579
INFO:__main__:Hi from python OverlayLogHandler 580
INFO:__main__:Hi from python OverlayLogHandler 581
INFO:__main__:Hi from python OverlayLogHandler 582
INFO:__main__:Hi from python OverlayLogHandler 583
INFO:__main__:Hi from python OverlayLogHandler 584
INFO:__main__:Hi from python OverlayLogHandler 585
INFO:__main__:Hi from python OverlayLogHandler 586
INFO:__main__:Hi from python OverlayLogHandler 587
INFO:__main__:Hi from python OverlayLogHandler 588
INFO:__main__:Hi from python OverlayLogHandler 589
INFO:__main__:Hi from python OverlayLogHandler 590
INFO:__main__:Hi from python OverlayLogHandler 591
INFO:__main__:Hi from python OverlayLogHandler 592
INFO:__main__:Hi from python OverlayLogHandler 593
INFO:__main__:Hi from python OverlayLogHandler 594
INFO:__main__:Hi from python OverlayLogHandler 595
INFO:__main__:Hi from python OverlayLogHandler 596
INFO:__main__:Hi from python OverlayLogHandler 597
INFO:__main__:Hi from python OverlayLogHandler 598
INFO:__main__:Hi from python OverlayLogHandler 599
INFO:__main__:Hi from python OverlayLogHandler 600
INFO:__main__:Hi from python OverlayLogHandler 601
INFO:__main__:Hi from python OverlayLogHandler 602
INFO:__main__:Hi from python OverlayLogHandler 603
INFO:__main__:Hi from python OverlayLogHandler 604
INFO:__main__:Hi from python OverlayLogHandler 605
INFO:__main__:Hi from python OverlayLogHandler 606
INFO:__main__:Hi from python OverlayLogHandler 607
INFO:__main__:Hi from python OverlayLogHandler 608
INFO:__main__:Hi from python OverlayLogHandler 609
INFO:__main__:Hi from python OverlayLogHandler 610
INFO:__main__:Hi from python OverlayLogHandler 611
INFO:__main__:Hi from python OverlayLogHandler 612
INFO:__main__:Hi from python OverlayLogHandler 613
INFO:__main__:Hi from python OverlayLogHandler 614
INFO:__main__:Hi from python OverlayLogHandler 615
INFO:__main__:Hi from python OverlayLogHandler 616
INFO:__main__:Hi from python OverlayLogHandler 617
INFO:__main__:Hi from python OverlayLogHandler 618
INFO:__main__:Hi from python OverlayLogHandler 619
INFO:__main__:Hi from python OverlayLogHandler 620
INFO:__main__:Hi from python OverlayLogHandler 621
INFO:__main__:Hi from python OverlayLogHandler 622
INFO:__main__:Hi from python OverlayLogHandler 623
INFO:__main__:Hi from python OverlayLogHandler 624
INFO:__main__:Hi from python OverlayLogHandler 625
INFO:__main__:Hi from python OverlayLogHandler 626
INFO:__main__:Hi from python OverlayLogHandler 627
INFO:__main__:Hi from python OverlayLogHandler 628
INFO:__main__:Hi from python OverlayLogHandler 629
INFO:__main__:Hi from python OverlayLogHandler 630
INFO:__main__:Hi from python OverlayLogHandler 631
INFO:__main__:Hi from python OverlayLogHandler 632
INFO:__main__:Hi from python OverlayLogHandler 633
INFO:__main__:Hi from python OverlayLogHandler 634
INFO:__main__:Hi from python OverlayLogHandler 635
INFO:__main__:Hi from python OverlayLogHandler 636
INFO:__main__:Hi from python OverlayLogHandler 637
INFO:__main__:Hi from python OverlayLogHandler 638
INFO:__main__:Hi from python OverlayLogHandler 639
INFO:__main__:Hi from python OverlayLogHandler 640
INFO:__main__:Hi from python OverlayLogHandler 641
INFO:__main__:Hi from python OverlayLogHandler 642
INFO:__main__:Hi from python OverlayLogHandler 643
INFO:__main__:Hi from python OverlayLogHandler 644
INFO:__main__:Hi from python OverlayLogHandler 645
INFO:__main__:Hi from python OverlayLogHandler 646
INFO:__main__:Hi from python OverlayLogHandler 647
INFO:__main__:Hi from python OverlayLogHandler 648
INFO:__main__:Hi from python OverlayLogHandler 649
INFO:__main__:Hi from python OverlayLogHandler 650
INFO:__main__:Hi from python OverlayLogHandler 651
INFO:__main__:Hi from python OverlayLogHandler 652
INFO:__main__:Hi from python OverlayLogHandler 653
INFO:__main__:Hi from python OverlayLogHandler 654
INFO:__main__:Hi from python OverlayLogHandler 655
INFO:__main__:Hi from python OverlayLogHandler 656
INFO:__main__:Hi from python OverlayLogHandler 657
INFO:__main__:Hi from python OverlayLogHandler 658
INFO:__main__:Hi from python OverlayLogHandler 659
INFO:__main__:Hi from python OverlayLogHandler 660
INFO:__main__:Hi from python OverlayLogHandler 661
INFO:__main__:Hi from python OverlayLogHandler 662
INFO:__main__:Hi from python OverlayLogHandler 663
INFO:__main__:Hi from python OverlayLogHandler 664
INFO:__main__:Hi from python OverlayLogHandler 665
INFO:__main__:Hi from python OverlayLogHandler 666
INFO:__main__:Hi from python OverlayLogHandler 667
INFO:__main__:Hi from python OverlayLogHandler 668
INFO:__main__:Hi from python OverlayLogHandler 669
INFO:__main__:Hi from python OverlayLogHandler 670
INFO:__main__:Hi from python OverlayLogHandler 671
INFO:__main__:Hi from python OverlayLogHandler 672
INFO:__main__:Hi from python OverlayLogHandler 673
INFO:__main__:Hi from python OverlayLogHandler 674
INFO:__main__:Hi from python OverlayLogHandler 675
INFO:__main__:Hi from python OverlayLogHandler 676
INFO:__main__:Hi from python OverlayLogHandler 677
INFO:__main__:Hi from python OverlayLogHandler 678
INFO:__main__:Hi from python OverlayLogHandler 679
INFO:__main__:Hi from python OverlayLogHandler 680
INFO:__main__:Hi from python OverlayLogHandler 681
INFO:__main__:Hi from python OverlayLogHandler 682
INFO:__main__:Hi from python OverlayLogHandler 683
INFO:__main__:Hi from python OverlayLogHandler 684
INFO:__main__:Hi from python OverlayLogHandler 685
INFO:__main__:Hi from python OverlayLogHandler 686
INFO:__main__:Hi from python OverlayLogHandler 687
INFO:__main__:Hi from python OverlayLogHandler 688
INFO:__main__:Hi from python OverlayLogHandler 689
INFO:__main__:Hi from python OverlayLogHandler 690
INFO:__main__:Hi from python OverlayLogHandler 691
INFO:__main__:Hi from python OverlayLogHandler 692
INFO:__main__:Hi from python OverlayLogHandler 693
INFO:__main__:Hi from python OverlayLogHandler 694
INFO:__main__:Hi from python OverlayLogHandler 695
INFO:__main__:Hi from python OverlayLogHandler 696
INFO:__main__:Hi from python OverlayLogHandler 697
INFO:__main__:Hi from python OverlayLogHandler 698
INFO:__main__:Hi from python OverlayLogHandler 699
INFO:__main__:Hi from python OverlayLogHandler 700
INFO:__main__:Hi from python OverlayLogHandler 701
INFO:__main__:Hi from python OverlayLogHandler 702
INFO:__main__:Hi from python OverlayLogHandler 703
INFO:__main__:Hi from python OverlayLogHandler 704
INFO:__main__:Hi from python OverlayLogHandler 705
INFO:__main__:Hi from python OverlayLogHandler 706
INFO:__main__:Hi from python OverlayLogHandler 707
INFO:__main__:Hi from python OverlayLogHandler 708
INFO:__main__:Hi from python OverlayLogHandler 709
INFO:__main__:Hi from python OverlayLogHandler 710
INFO:__main__:Hi from python OverlayLogHandler 711
INFO:__main__:Hi from python OverlayLogHandler 712
INFO:__main__:Hi from python OverlayLogHandler 713
INFO:__main__:Hi from python OverlayLogHandler 714
INFO:__main__:Hi from python OverlayLogHandler 715
INFO:__main__:Hi from python OverlayLogHandler 716
INFO:__main__:Hi from python OverlayLogHandler 717
INFO:__main__:Hi from python OverlayLogHandler 718
INFO:__main__:Hi from python OverlayLogHandler 719
INFO:__main__:Hi from python OverlayLogHandler 720
INFO:__main__:Hi from python OverlayLogHandler 721
INFO:__main__:Hi from python OverlayLogHandler 722
INFO:__main__:Hi from python OverlayLogHandler 723
INFO:__main__:Hi from python OverlayLogHandler 724
INFO:__main__:Hi from python OverlayLogHandler 725
INFO:__main__:Hi from python OverlayLogHandler 726
INFO:__main__:Hi from python OverlayLogHandler 727
INFO:__main__:Hi from python OverlayLogHandler 728
INFO:__main__:Hi from python OverlayLogHandler 729
INFO:__main__:Hi from python OverlayLogHandler 730
INFO:__main__:Hi from python OverlayLogHandler 731
INFO:__main__:Hi from python OverlayLogHandler 732
INFO:__main__:Hi from python OverlayLogHandler 733
INFO:__main__:Hi from python OverlayLogHandler 734
INFO:__main__:Hi from python OverlayLogHandler 735
INFO:__main__:Hi from python OverlayLogHandler 736
INFO:__main__:Hi from python OverlayLogHandler 737
INFO:__main__:Hi from python OverlayLogHandler 738
INFO:__main__:Hi from python OverlayLogHandler 739
INFO:__main__:Hi from python OverlayLogHandler 740
INFO:__main__:Hi from python OverlayLogHandler 741
INFO:__main__:Hi from python OverlayLogHandler 742
INFO:__main__:Hi from python OverlayLogHandler 743
INFO:__main__:Hi from python OverlayLogHandler 744
INFO:__main__:Hi from python OverlayLogHandler 745
INFO:__main__:Hi from python OverlayLogHandler 746
INFO:__main__:Hi from python OverlayLogHandler 747
INFO:__main__:Hi from python OverlayLogHandler 748
INFO:__main__:Hi from python OverlayLogHandler 749
INFO:__main__:Hi from python OverlayLogHandler 750
INFO:__main__:Hi from python OverlayLogHandler 751
INFO:__main__:Hi from python OverlayLogHandler 752
INFO:__main__:Hi from python OverlayLogHandler 753
INFO:__main__:Hi from python OverlayLogHandler 754
INFO:__main__:Hi from python OverlayLogHandler 755
INFO:__main__:Hi from python OverlayLogHandler 756
INFO:__main__:Hi from python OverlayLogHandler 757
INFO:__main__:Hi from python OverlayLogHandler 758
INFO:__main__:Hi from python OverlayLogHandler 759
INFO:__main__:Hi from python OverlayLogHandler 760
INFO:__main__:Hi from python OverlayLogHandler 761
INFO:__main__:Hi from python OverlayLogHandler 762
INFO:__main__:Hi from python OverlayLogHandler 763
INFO:__main__:Hi from python OverlayLogHandler 764
INFO:__main__:Hi from python OverlayLogHandler 765
INFO:__main__:Hi from python OverlayLogHandler 766
INFO:__main__:Hi from python OverlayLogHandler 767
INFO:__main__:Hi from python OverlayLogHandler 768
INFO:__main__:Hi from python OverlayLogHandler 769
INFO:__main__:Hi from python OverlayLogHandler 770
INFO:__main__:Hi from python OverlayLogHandler 771
INFO:__main__:Hi from python OverlayLogHandler 772
INFO:__main__:Hi from python OverlayLogHandler 773
INFO:__main__:Hi from python OverlayLogHandler 774
INFO:__main__:Hi from python OverlayLogHandler 775
INFO:__main__:Hi from python OverlayLogHandler 776
INFO:__main__:Hi from python OverlayLogHandler 777
INFO:__main__:Hi from python OverlayLogHandler 778
INFO:__main__:Hi from python OverlayLogHandler 779
INFO:__main__:Hi from python OverlayLogHandler 780
INFO:__main__:Hi from python OverlayLogHandler 781
INFO:__main__:Hi from python OverlayLogHandler 782
INFO:__main__:Hi from python OverlayLogHandler 783
INFO:__main__:Hi from python OverlayLogHandler 784
INFO:__main__:Hi from python OverlayLogHandler 785
INFO:__main__:Hi from python OverlayLogHandler 786
INFO:__main__:Hi from python OverlayLogHandler 787
INFO:__main__:Hi from python OverlayLogHandler 788
INFO:__main__:Hi from python OverlayLogHandler 789
INFO:__main__:Hi from python OverlayLogHandler 790
INFO:__main__:Hi from python OverlayLogHandler 791
INFO:__main__:Hi from python OverlayLogHandler 792
INFO:__main__:Hi from python OverlayLogHandler 793
INFO:__main__:Hi from python OverlayLogHandler 794
INFO:__main__:Hi from python OverlayLogHandler 795
INFO:__main__:Hi from python OverlayLogHandler 796
INFO:__main__:Hi from python OverlayLogHandler 797
INFO:__main__:Hi from python OverlayLogHandler 798
INFO:__main__:Hi from python OverlayLogHandler 799
INFO:__main__:Hi from python OverlayLogHandler 800
INFO:__main__:Hi from python OverlayLogHandler 801
INFO:__main__:Hi from python OverlayLogHandler 802
INFO:__main__:Hi from python OverlayLogHandler 803
INFO:__main__:Hi from python OverlayLogHandler 804
INFO:__main__:Hi from python OverlayLogHandler 805
INFO:__main__:Hi from python OverlayLogHandler 806
INFO:__main__:Hi from python OverlayLogHandler 807
INFO:__main__:Hi from python OverlayLogHandler 808
INFO:__main__:Hi from python OverlayLogHandler 809
INFO:__main__:Hi from python OverlayLogHandler 810
INFO:__main__:Hi from python OverlayLogHandler 811
INFO:__main__:Hi from python OverlayLogHandler 812
INFO:__main__:Hi from python OverlayLogHandler 813
INFO:__main__:Hi from python OverlayLogHandler 814
INFO:__main__:Hi from python OverlayLogHandler 815
INFO:__main__:Hi from python OverlayLogHandler 816
INFO:__main__:Hi from python OverlayLogHandler 817
INFO:__main__:Hi from python OverlayLogHandler 818
INFO:__main__:Hi from python OverlayLogHandler 819
INFO:__main__:Hi from python OverlayLogHandler 820
INFO:__main__:Hi from python OverlayLogHandler 821
INFO:__main__:Hi from python OverlayLogHandler 822
INFO:__main__:Hi from python OverlayLogHandler 823
INFO:__main__:Hi from python OverlayLogHandler 824
INFO:__main__:Hi from python OverlayLogHandler 825
INFO:__main__:Hi from python OverlayLogHandler 826
INFO:__main__:Hi from python OverlayLogHandler 827
INFO:__main__:Hi from python OverlayLogHandler 828
INFO:__main__:Hi from python OverlayLogHandler 829
INFO:__main__:Hi from python OverlayLogHandler 830
INFO:__main__:Hi from python OverlayLogHandler 831
INFO:__main__:Hi from python OverlayLogHandler 832
INFO:__main__:Hi from python OverlayLogHandler 833
INFO:__main__:Hi from python OverlayLogHandler 834
INFO:__main__:Hi from python OverlayLogHandler 835
INFO:__main__:Hi from python OverlayLogHandler 836
INFO:__main__:Hi from python OverlayLogHandler 837
INFO:__main__:Hi from python OverlayLogHandler 838
INFO:__main__:Hi from python OverlayLogHandler 839
INFO:__main__:Hi from python OverlayLogHandler 840
INFO:__main__:Hi from python OverlayLogHandler 841
INFO:__main__:Hi from python OverlayLogHandler 842
INFO:__main__:Hi from python OverlayLogHandler 843
INFO:__main__:Hi from python OverlayLogHandler 844
INFO:__main__:Hi from python OverlayLogHandler 845
INFO:__main__:Hi from python OverlayLogHandler 846
INFO:__main__:Hi from python OverlayLogHandler 847
INFO:__main__:Hi from python OverlayLogHandler 848
INFO:__main__:Hi from python OverlayLogHandler 849
INFO:__main__:Hi from python OverlayLogHandler 850
INFO:__main__:Hi from python OverlayLogHandler 851
INFO:__main__:Hi from python OverlayLogHandler 852
INFO:__main__:Hi from python OverlayLogHandler 853
INFO:__main__:Hi from python OverlayLogHandler 854
INFO:__main__:Hi from python OverlayLogHandler 855
INFO:__main__:Hi from python OverlayLogHandler 856
INFO:__main__:Hi from python OverlayLogHandler 857
INFO:__main__:Hi from python OverlayLogHandler 858
INFO:__main__:Hi from python OverlayLogHandler 859
INFO:__main__:Hi from python OverlayLogHandler 860
INFO:__main__:Hi from python OverlayLogHandler 861
INFO:__main__:Hi from python OverlayLogHandler 862
INFO:__main__:Hi from python OverlayLogHandler 863
INFO:__main__:Hi from python OverlayLogHandler 864
INFO:__main__:Hi from python OverlayLogHandler 865
INFO:__main__:Hi from python OverlayLogHandler 866
INFO:__main__:Hi from python OverlayLogHandler 867
INFO:__main__:Hi from python OverlayLogHandler 868
INFO:__main__:Hi from python OverlayLogHandler 869
INFO:__main__:Hi from python OverlayLogHandler 870
INFO:__main__:Hi from python OverlayLogHandler 871
INFO:__main__:Hi from python OverlayLogHandler 872
INFO:__main__:Hi from python OverlayLogHandler 873
INFO:__main__:Hi from python OverlayLogHandler 874
INFO:__main__:Hi from python OverlayLogHandler 875
INFO:__main__:Hi from python OverlayLogHandler 876
INFO:__main__:Hi from python OverlayLogHandler 877
INFO:__main__:Hi from python OverlayLogHandler 878
INFO:__main__:Hi from python OverlayLogHandler 879
INFO:__main__:Hi from python OverlayLogHandler 880
INFO:__main__:Hi from python OverlayLogHandler 881
INFO:__main__:Hi from python OverlayLogHandler 882
INFO:__main__:Hi from python OverlayLogHandler 883
INFO:__main__:Hi from python OverlayLogHandler 884
INFO:__main__:Hi from python OverlayLogHandler 885
INFO:__main__:Hi from python OverlayLogHandler 886
INFO:__main__:Hi from python OverlayLogHandler 887
INFO:__main__:Hi from python OverlayLogHandler 888
INFO:__main__:Hi from python OverlayLogHandler 889
INFO:__main__:Hi from python OverlayLogHandler 890
INFO:__main__:Hi from python OverlayLogHandler 891
INFO:__main__:Hi from python OverlayLogHandler 892
INFO:__main__:Hi from python OverlayLogHandler 893
INFO:__main__:Hi from python OverlayLogHandler 894
INFO:__main__:Hi from python OverlayLogHandler 895
INFO:__main__:Hi from python OverlayLogHandler 896
INFO:__main__:Hi from python OverlayLogHandler 897
INFO:__main__:Hi from python OverlayLogHandler 898
INFO:__main__:Hi from python OverlayLogHandler 899
INFO:__main__:Hi from python OverlayLogHandler 900
INFO:__main__:Hi from python OverlayLogHandler 901
INFO:__main__:Hi from python OverlayLogHandler 902
INFO:__main__:Hi from python OverlayLogHandler 903
INFO:__main__:Hi from python OverlayLogHandler 904
INFO:__main__:Hi from python OverlayLogHandler 905
INFO:__main__:Hi from python OverlayLogHandler 906
INFO:__main__:Hi from python OverlayLogHandler 907
INFO:__main__:Hi from python OverlayLogHandler 908
INFO:__main__:Hi from python OverlayLogHandler 909
INFO:__main__:Hi from python OverlayLogHandler 910
INFO:__main__:Hi from python OverlayLogHandler 911
INFO:__main__:Hi from python OverlayLogHandler 912
INFO:__main__:Hi from python OverlayLogHandler 913
INFO:__main__:Hi from python OverlayLogHandler 914
INFO:__main__:Hi from python OverlayLogHandler 915
INFO:__main__:Hi from python OverlayLogHandler 916
INFO:__main__:Hi from python OverlayLogHandler 917
INFO:__main__:Hi from python OverlayLogHandler 918
INFO:__main__:Hi from python OverlayLogHandler 919
INFO:__main__:Hi from python OverlayLogHandler 920
INFO:__main__:Hi from python OverlayLogHandler 921
INFO:__main__:Hi from python OverlayLogHandler 922
INFO:__main__:Hi from python OverlayLogHandler 923
INFO:__main__:Hi from python OverlayLogHandler 924
INFO:__main__:Hi from python OverlayLogHandler 925
INFO:__main__:Hi from python OverlayLogHandler 926
INFO:__main__:Hi from python OverlayLogHandler 927
INFO:__main__:Hi from python OverlayLogHandler 928
INFO:__main__:Hi from python OverlayLogHandler 929
INFO:__main__:Hi from python OverlayLogHandler 930
INFO:__main__:Hi from python OverlayLogHandler 931
INFO:__main__:Hi from python OverlayLogHandler 932
INFO:__main__:Hi from python OverlayLogHandler 933
INFO:__main__:Hi from python OverlayLogHandler 934
INFO:__main__:Hi from python OverlayLogHandler 935
INFO:__main__:Hi from python OverlayLogHandler 936
INFO:__main__:Hi from python OverlayLogHandler 937
INFO:__main__:Hi from python OverlayLogHandler 938
INFO:__main__:Hi from python OverlayLogHandler 939
INFO:__main__:Hi from python OverlayLogHandler 940
INFO:__main__:Hi from python OverlayLogHandler 941
INFO:__main__:Hi from python OverlayLogHandler 942
INFO:__main__:Hi from python OverlayLogHandler 943
INFO:__main__:Hi from python OverlayLogHandler 944
INFO:__main__:Hi from python OverlayLogHandler 945
INFO:__main__:Hi from python OverlayLogHandler 946
INFO:__main__:Hi from python OverlayLogHandler 947
INFO:__main__:Hi from python OverlayLogHandler 948
INFO:__main__:Hi from python OverlayLogHandler 949
INFO:__main__:Hi from python OverlayLogHandler 950
INFO:__main__:Hi from python OverlayLogHandler 951
INFO:__main__:Hi from python OverlayLogHandler 952
INFO:__main__:Hi from python OverlayLogHandler 953
INFO:__main__:Hi from python OverlayLogHandler 954
INFO:__main__:Hi from python OverlayLogHandler 955
INFO:__main__:Hi from python OverlayLogHandler 956
INFO:__main__:Hi from python OverlayLogHandler 957
INFO:__main__:Hi from python OverlayLogHandler 958
INFO:__main__:Hi from python OverlayLogHandler 959
INFO:__main__:Hi from python OverlayLogHandler 960
INFO:__main__:Hi from python OverlayLogHandler 961
INFO:__main__:Hi from python OverlayLogHandler 962
INFO:__main__:Hi from python OverlayLogHandler 963
INFO:__main__:Hi from python OverlayLogHandler 964
INFO:__main__:Hi from python OverlayLogHandler 965
INFO:__main__:Hi from python OverlayLogHandler 966
INFO:__main__:Hi from python OverlayLogHandler 967
INFO:__main__:Hi from python OverlayLogHandler 968
INFO:__main__:Hi from python OverlayLogHandler 969
INFO:__main__:Hi from python OverlayLogHandler 970
INFO:__main__:Hi from python OverlayLogHandler 971
INFO:__main__:Hi from python OverlayLogHandler 972
INFO:__main__:Hi from python OverlayLogHandler 973
INFO:__main__:Hi from python OverlayLogHandler 974
INFO:__main__:Hi from python OverlayLogHandler 975
INFO:__main__:Hi from python OverlayLogHandler 976
INFO:__main__:Hi from python OverlayLogHandler 977
INFO:__main__:Hi from python OverlayLogHandler 978
INFO:__main__:Hi from python OverlayLogHandler 979
INFO:__main__:Hi from python OverlayLogHandler 980
INFO:__main__:Hi from python OverlayLogHandler 981
INFO:__main__:Hi from python OverlayLogHandler 982
INFO:__main__:Hi from python OverlayLogHandler 983
INFO:__main__:Hi from python OverlayLogHandler 984
INFO:__main__:Hi from python OverlayLogHandler 985
INFO:__main__:Hi from python OverlayLogHandler 986
INFO:__main__:Hi from python OverlayLogHandler 987
INFO:__main__:Hi from python OverlayLogHandler 988
INFO:__main__:Hi from python OverlayLogHandler 989
INFO:__main__:Hi from python OverlayLogHandler 990
INFO:__main__:Hi from python OverlayLogHandler 991
INFO:__main__:Hi from python OverlayLogHandler 992
INFO:__main__:Hi from python OverlayLogHandler 993
INFO:__main__:Hi from python OverlayLogHandler 994
INFO:__main__:Hi from python OverlayLogHandler 995
INFO:__main__:Hi from python OverlayLogHandler 996
INFO:__main__:Hi from python OverlayLogHandler 997
INFO:__main__:Hi from python OverlayLogHandler 998
INFO:__main__:Hi from python OverlayLogHandler 999
INFO:__main__:Hi from python OverlayLogHandler 1000
INFO:__main__:Hi from python OverlayLogHandler 1001
INFO:__main__:Hi from python OverlayLogHandler 1002
INFO:__main__:Hi from python OverlayLogHandler 1003
INFO:__main__:Hi from python OverlayLogHandler 1004
INFO:__main__:Hi from python OverlayLogHandler 1005
INFO:__main__:Hi from python OverlayLogHandler 1006
INFO:__main__:Hi from python OverlayLogHandler 1007
INFO:__main__:Hi from python OverlayLogHandler 1008
INFO:__main__:Hi from python OverlayLogHandler 1009
INFO:__main__:Hi from python OverlayLogHandler 1010
INFO:__main__:Hi from python OverlayLogHandler 1011
INFO:__main__:Hi from python OverlayLogHandler 1012
INFO:__main__:Hi from python OverlayLogHandler 1013
INFO:__main__:Hi from python OverlayLogHandler 1014
INFO:__main__:Hi from python OverlayLogHandler 1015
INFO:__main__:Hi from python OverlayLogHandler 1016
INFO:__main__:Hi from python OverlayLogHandler 1017
INFO:__main__:Hi from python OverlayLogHandler 1018
INFO:__main__:Hi from python OverlayLogHandler 1019
INFO:__main__:Hi from python OverlayLogHandler 1020
INFO:__main__:Hi from python OverlayLogHandler 1021
INFO:__main__:Hi from python OverlayLogHandler 1022
INFO:__main__:Hi from python OverlayLogHandler 1023
INFO:__main__:Hi from python OverlayLogHandler 1024
INFO:__main__:Hi from python OverlayLogHandler 1025
INFO:__main__:Hi from python OverlayLogHandler 1026
INFO:__main__:Hi from python OverlayLogHandler 1027
INFO:__main__:Hi from python OverlayLogHandler 1028
INFO:__main__:Hi from python OverlayLogHandler 1029
INFO:__main__:Hi from python OverlayLogHandler 1030
INFO:__main__:Hi from python OverlayLogHandler 1031
INFO:__main__:Hi from python OverlayLogHandler 1032
INFO:__main__:Hi from python OverlayLogHandler 1033
INFO:__main__:Hi from python OverlayLogHandler 1034
INFO:__main__:Hi from python OverlayLogHandler 1035
INFO:__main__:Hi from python OverlayLogHandler 1036
INFO:__main__:Hi from python OverlayLogHandler 1037
INFO:__main__:Hi from python OverlayLogHandler 1038
INFO:__main__:Hi from python OverlayLogHandler 1039
INFO:__main__:Hi from python OverlayLogHandler 1040
INFO:__main__:Hi from python OverlayLogHandler 1041
INFO:__main__:Hi from python OverlayLogHandler 1042
INFO:__main__:Hi from python OverlayLogHandler 1043
INFO:__main__:Hi from python OverlayLogHandler 1044
INFO:__main__:Hi from python OverlayLogHandler 1045
INFO:__main__:Hi from python OverlayLogHandler 1046
INFO:__main__:Hi from python OverlayLogHandler 1047
INFO:__main__:Hi from python OverlayLogHandler 1048
INFO:__main__:Hi from python OverlayLogHandler 1049
INFO:__main__:Hi from python OverlayLogHandler 1050
INFO:__main__:Hi from python OverlayLogHandler 1051
INFO:__main__:Hi from python OverlayLogHandler 1052
INFO:__main__:Hi from python OverlayLogHandler 1053
INFO:__main__:Hi from python OverlayLogHandler 1054
INFO:__main__:Hi from python OverlayLogHandler 1055
INFO:__main__:Hi from python OverlayLogHandler 1056
INFO:__main__:Hi from python OverlayLogHandler 1057
INFO:__main__:Hi from python OverlayLogHandler 1058
INFO:__main__:Hi from python OverlayLogHandler 1059
INFO:__main__:Hi from python OverlayLogHandler 1060
INFO:__main__:Hi from python OverlayLogHandler 1061
INFO:__main__:Hi from python OverlayLogHandler 1062
INFO:__main__:Hi from python OverlayLogHandler 1063
INFO:__main__:Hi from python OverlayLogHandler 1064
INFO:__main__:Hi from python OverlayLogHandler 1065
INFO:__main__:Hi from python OverlayLogHandler 1066
INFO:__main__:Hi from python OverlayLogHandler 1067
INFO:__main__:Hi from python OverlayLogHandler 1068
INFO:__main__:Hi from python OverlayLogHandler 1069
INFO:__main__:Hi from python OverlayLogHandler 1070
INFO:__main__:Hi from python OverlayLogHandler 1071
INFO:__main__:Hi from python OverlayLogHandler 1072
INFO:__main__:Hi from python OverlayLogHandler 1073
INFO:__main__:Hi from python OverlayLogHandler 1074
INFO:__main__:Hi from python OverlayLogHandler 1075
INFO:__main__:Hi from python OverlayLogHandler 1076
INFO:__main__:Hi from python OverlayLogHandler 1077
INFO:__main__:Hi from python OverlayLogHandler 1078
INFO:__main__:Hi from python OverlayLogHandler 1079
INFO:__main__:Hi from python OverlayLogHandler 1080
INFO:__main__:Hi from python OverlayLogHandler 1081
INFO:__main__:Hi from python OverlayLogHandler 1082
INFO:__main__:Hi from python OverlayLogHandler 1083
INFO:__main__:Hi from python OverlayLogHandler 1084
INFO:__main__:Hi from python OverlayLogHandler 1085
INFO:__main__:Hi from python OverlayLogHandler 1086
INFO:__main__:Hi from python OverlayLogHandler 1087
INFO:__main__:Hi from python OverlayLogHandler 1088
INFO:__main__:Hi from python OverlayLogHandler 1089
INFO:__main__:Hi from python OverlayLogHandler 1090
INFO:__main__:Hi from python OverlayLogHandler 1091
INFO:__main__:Hi from python OverlayLogHandler 1092
INFO:__main__:Hi from python OverlayLogHandler 1093
INFO:__main__:Hi from python OverlayLogHandler 1094
INFO:__main__:Hi from python OverlayLogHandler 1095
INFO:__main__:Hi from python OverlayLogHandler 1096
INFO:__main__:Hi from python OverlayLogHandler 1097
INFO:__main__:Hi from python OverlayLogHandler 1098
INFO:__main__:Hi from python OverlayLogHandler 1099
INFO:__main__:Hi from python OverlayLogHandler 1100
INFO:__main__:Hi from python OverlayLogHandler 1101
INFO:__main__:Hi from python OverlayLogHandler 1102
INFO:__main__:Hi from python OverlayLogHandler 1103
INFO:__main__:Hi from python OverlayLogHandler 1104
INFO:__main__:Hi from python OverlayLogHandler 1105
INFO:__main__:Hi from python OverlayLogHandler 1106
INFO:__main__:Hi from python OverlayLogHandler 1107
INFO:__main__:Hi from python OverlayLogHandler 1108
INFO:__main__:Hi from python OverlayLogHandler 1109
INFO:__main__:Hi from python OverlayLogHandler 1110
INFO:__main__:Hi from python OverlayLogHandler 1111
INFO:__main__:Hi from python OverlayLogHandler 1112
INFO:__main__:Hi from python OverlayLogHandler 1113
INFO:__main__:Hi from python OverlayLogHandler 1114
INFO:__main__:Hi from python OverlayLogHandler 1115
INFO:__main__:Hi from python OverlayLogHandler 1116
INFO:__main__:Hi from python OverlayLogHandler 1117
INFO:__main__:Hi from python OverlayLogHandler 1118
INFO:__main__:Hi from python OverlayLogHandler 1119
INFO:__main__:Hi from python OverlayLogHandler 1120
INFO:__main__:Hi from python OverlayLogHandler 1121
INFO:__main__:Hi from python OverlayLogHandler 1122
INFO:__main__:Hi from python OverlayLogHandler 1123
INFO:__main__:Hi from python OverlayLogHandler 1124
INFO:__main__:Hi from python OverlayLogHandler 1125
INFO:__main__:Hi from python OverlayLogHandler 1126
INFO:__main__:Hi from python OverlayLogHandler 1127
INFO:__main__:Hi from python OverlayLogHandler 1128
INFO:__main__:Hi from python OverlayLogHandler 1129
INFO:__main__:Hi from python OverlayLogHandler 1130
INFO:__main__:Hi from python OverlayLogHandler 1131
INFO:__main__:Hi from python OverlayLogHandler 1132
INFO:__main__:Hi from python OverlayLogHandler 1133
INFO:__main__:Hi from python OverlayLogHandler 1134
INFO:__main__:Hi from python OverlayLogHandler 1135
INFO:__main__:Hi from python OverlayLogHandler 1136
INFO:__main__:Hi from python OverlayLogHandler 1137
INFO:__main__:Hi from python OverlayLogHandler 1138
INFO:__main__:Hi from python OverlayLogHandler 1139
INFO:__main__:Hi from python OverlayLogHandler 1140
INFO:__main__:Hi from python OverlayLogHandler 1141
INFO:__main__:Hi from python OverlayLogHandler 1142
INFO:__main__:Hi from python OverlayLogHandler 1143
INFO:__main__:Hi from python OverlayLogHandler 1144
INFO:__main__:Hi from python OverlayLogHandler 1145
INFO:__main__:Hi from python OverlayLogHandler 1146
INFO:__main__:Hi from python OverlayLogHandler 1147
INFO:__main__:Hi from python OverlayLogHandler 1148
INFO:__main__:Hi from python OverlayLogHandler 1149
INFO:__main__:Hi from python OverlayLogHandler 1150
INFO:__main__:Hi from python OverlayLogHandler 1151
INFO:__main__:Hi from python OverlayLogHandler 1152
INFO:__main__:Hi from python OverlayLogHandler 1153
INFO:__main__:Hi from python OverlayLogHandler 1154
INFO:__main__:Hi from python OverlayLogHandler 1155
INFO:__main__:Hi from python OverlayLogHandler 1156
INFO:__main__:Hi from python OverlayLogHandler 1157
INFO:__main__:Hi from python OverlayLogHandler 1158
INFO:__main__:Hi from python OverlayLogHandler 1159
INFO:__main__:Hi from python OverlayLogHandler 1160
INFO:__main__:Hi from python OverlayLogHandler 1161
INFO:__main__:Hi from python OverlayLogHandler 1162
INFO:__main__:Hi from python OverlayLogHandler 1163
INFO:__main__:Hi from python OverlayLogHandler 1164
INFO:__main__:Hi from python OverlayLogHandler 1165
INFO:__main__:Hi from python OverlayLogHandler 1166
INFO:__main__:Hi from python OverlayLogHandler 1167
INFO:__main__:Hi from python OverlayLogHandler 1168
INFO:__main__:Hi from python OverlayLogHandler 1169
INFO:__main__:Hi from python OverlayLogHandler 1170
INFO:__main__:Hi from python OverlayLogHandler 1171
INFO:__main__:Hi from python OverlayLogHandler 1172
INFO:__main__:Hi from python OverlayLogHandler 1173
INFO:__main__:Hi from python OverlayLogHandler 1174
INFO:__main__:Hi from python OverlayLogHandler 1175
INFO:__main__:Hi from python OverlayLogHandler 1176
INFO:__main__:Hi from python OverlayLogHandler 1177
INFO:__main__:Hi from python OverlayLogHandler 1178
INFO:__main__:Hi from python OverlayLogHandler 1179
INFO:__main__:Hi from python OverlayLogHandler 1180
INFO:__main__:Hi from python OverlayLogHandler 1181
INFO:__main__:Hi from python OverlayLogHandler 1182
INFO:__main__:Hi from python OverlayLogHandler 1183
INFO:__main__:Hi from python OverlayLogHandler 1184
INFO:__main__:Hi from python OverlayLogHandler 1185
INFO:__main__:Hi from python OverlayLogHandler 1186
INFO:__main__:Hi from python OverlayLogHandler 1187
INFO:__main__:Hi from python OverlayLogHandler 1188
INFO:__main__:Hi from python OverlayLogHandler 1189
INFO:__main__:Hi from python OverlayLogHandler 1190
INFO:__main__:Hi from python OverlayLogHandler 1191
INFO:__main__:Hi from python OverlayLogHandler 1192
INFO:__main__:Hi from python OverlayLogHandler 1193
INFO:__main__:Hi from python OverlayLogHandler 1194
INFO:__main__:Hi from python OverlayLogHandler 1195
INFO:__main__:Hi from python OverlayLogHandler 1196
INFO:__main__:Hi from python OverlayLogHandler 1197
INFO:__main__:Hi from python OverlayLogHandler 1198
INFO:__main__:Hi from python OverlayLogHandler 1199
INFO:__main__:Hi from python OverlayLogHandler 1200
INFO:__main__:Hi from python OverlayLogHandler 1201
INFO:__main__:Hi from python OverlayLogHandler 1202
INFO:__main__:Hi from python OverlayLogHandler 1203
INFO:__main__:Hi from python OverlayLogHandler 1204
INFO:__main__:Hi from python OverlayLogHandler 1205
INFO:__main__:Hi from python OverlayLogHandler 1206
INFO:__main__:Hi from python OverlayLogHandler 1207
INFO:__main__:Hi from python OverlayLogHandler 1208
INFO:__main__:Hi from python OverlayLogHandler 1209
INFO:__main__:Hi from python OverlayLogHandler 1210
INFO:__main__:Hi from python OverlayLogHandler 1211
INFO:__main__:Hi from python OverlayLogHandler 1212
INFO:__main__:Hi from python OverlayLogHandler 1213
INFO:__main__:Hi from python OverlayLogHandler 1214
INFO:__main__:Hi from python OverlayLogHandler 1215
INFO:__main__:Hi from python OverlayLogHandler 1216
INFO:__main__:Hi from python OverlayLogHandler 1217
INFO:__main__:Hi from python OverlayLogHandler 1218
INFO:__main__:Hi from python OverlayLogHandler 1219
INFO:__main__:Hi from python OverlayLogHandler 1220
INFO:__main__:Hi from python OverlayLogHandler 1221
INFO:__main__:Hi from python OverlayLogHandler 1222
INFO:__main__:Hi from python OverlayLogHandler 1223
INFO:__main__:Hi from python OverlayLogHandler 1224
INFO:__main__:Hi from python OverlayLogHandler 1225
INFO:__main__:Hi from python OverlayLogHandler 1226
INFO:__main__:Hi from python OverlayLogHandler 1227
INFO:__main__:Hi from python OverlayLogHandler 1228
INFO:__main__:Hi from python OverlayLogHandler 1229
INFO:__main__:Hi from python OverlayLogHandler 1230
INFO:__main__:Hi from python OverlayLogHandler 1231
INFO:__main__:Hi from python OverlayLogHandler 1232
INFO:__main__:Hi from python OverlayLogHandler 1233
INFO:__main__:Hi from python OverlayLogHandler 1234
INFO:__main__:Hi from python OverlayLogHandler 1235
INFO:__main__:Hi from python OverlayLogHandler 1236
INFO:__main__:Hi from python OverlayLogHandler 1237
INFO:__main__:Hi from python OverlayLogHandler 1238
INFO:__main__:Hi from python OverlayLogHandler 1239
INFO:__main__:Hi from python OverlayLogHandler 1240
INFO:__main__:Hi from python OverlayLogHandler 1241
INFO:__main__:Hi from python OverlayLogHandler 1242
INFO:__main__:Hi from python OverlayLogHandler 1243
INFO:__main__:Hi from python OverlayLogHandler 1244
INFO:__main__:Hi from python OverlayLogHandler 1245
INFO:__main__:Hi from python OverlayLogHandler 1246
INFO:__main__:Hi from python OverlayLogHandler 1247
INFO:__main__:Hi from python OverlayLogHandler 1248
INFO:__main__:Hi from python OverlayLogHandler 1249
INFO:__main__:Hi from python OverlayLogHandler 1250
INFO:__main__:Hi from python OverlayLogHandler 1251
INFO:__main__:Hi from python OverlayLogHandler 1252
INFO:__main__:Hi from python OverlayLogHandler 1253
INFO:__main__:Hi from python OverlayLogHandler 1254
INFO:__main__:Hi from python OverlayLogHandler 1255
INFO:__main__:Hi from python OverlayLogHandler 1256
INFO:__main__:Hi from python OverlayLogHandler 1257
INFO:__main__:Hi from python OverlayLogHandler 1258
INFO:__main__:Hi from python OverlayLogHandler 1259
INFO:__main__:Hi from python OverlayLogHandler 1260
INFO:__main__:Hi from python OverlayLogHandler 1261
INFO:__main__:Hi from python OverlayLogHandler 1262
INFO:__main__:Hi from python OverlayLogHandler 1263
INFO:__main__:Hi from python OverlayLogHandler 1264
INFO:__main__:Hi from python OverlayLogHandler 1265
INFO:__main__:Hi from python OverlayLogHandler 1266
INFO:__main__:Hi from python OverlayLogHandler 1267
INFO:__main__:Hi from python OverlayLogHandler 1268
INFO:__main__:Hi from python OverlayLogHandler 1269
INFO:__main__:Hi from python OverlayLogHandler 1270
INFO:__main__:Hi from python OverlayLogHandler 1271
INFO:__main__:Hi from python OverlayLogHandler 1272
INFO:__main__:Hi from python OverlayLogHandler 1273
INFO:__main__:Hi from python OverlayLogHandler 1274
INFO:__main__:Hi from python OverlayLogHandler 1275
INFO:__main__:Hi from python OverlayLogHandler 1276
INFO:__main__:Hi from python OverlayLogHandler 1277
INFO:__main__:Hi from python OverlayLogHandler 1278
INFO:__main__:Hi from python OverlayLogHandler 1279
INFO:__main__:Hi from python OverlayLogHandler 1280
INFO:__main__:Hi from python OverlayLogHandler 1281
INFO:__main__:Hi from python OverlayLogHandler 1282
INFO:__main__:Hi from python OverlayLogHandler 1283
INFO:__main__:Hi from python OverlayLogHandler 1284
INFO:__main__:Hi from python OverlayLogHandler 1285
INFO:__main__:Hi from python OverlayLogHandler 1286
INFO:__main__:Hi from python OverlayLogHandler 1287
INFO:__main__:Hi from python OverlayLogHandler 1288
INFO:__main__:Hi from python OverlayLogHandler 1289
INFO:__main__:Hi from python OverlayLogHandler 1290
INFO:__main__:Hi from python OverlayLogHandler 1291
INFO:__main__:Hi from python OverlayLogHandler 1292
INFO:__main__:Hi from python OverlayLogHandler 1293
INFO:__main__:Hi from python OverlayLogHandler 1294
INFO:__main__:Hi from python OverlayLogHandler 1295
INFO:__main__:Hi from python OverlayLogHandler 1296
INFO:__main__:Hi from python OverlayLogHandler 1297
INFO:__main__:Hi from python OverlayLogHandler 1298
INFO:__main__:Hi from python OverlayLogHandler 1299
INFO:__main__:Hi from python OverlayLogHandler 1300
INFO:__main__:Hi from python OverlayLogHandler 1301
INFO:__main__:Hi from python OverlayLogHandler 1302
INFO:__main__:Hi from python OverlayLogHandler 1303
INFO:__main__:Hi from python OverlayLogHandler 1304
INFO:__main__:Hi from python OverlayLogHandler 1305
INFO:__main__:Hi from python OverlayLogHandler 1306
INFO:__main__:Hi from python OverlayLogHandler 1307
INFO:__main__:Hi from python OverlayLogHandler 1308
INFO:__main__:Hi from python OverlayLogHandler 1309
INFO:__main__:Hi from python OverlayLogHandler 1310
INFO:__main__:Hi from python OverlayLogHandler 1311
INFO:__main__:Hi from python OverlayLogHandler 1312
INFO:__main__:Hi from python OverlayLogHandler 1313
INFO:__main__:Hi from python OverlayLogHandler 1314
INFO:__main__:Hi from python OverlayLogHandler 1315
INFO:__main__:Hi from python OverlayLogHandler 1316
INFO:__main__:Hi from python OverlayLogHandler 1317
INFO:__main__:Hi from python OverlayLogHandler 1318
INFO:__main__:Hi from python OverlayLogHandler 1319
INFO:__main__:Hi from python OverlayLogHandler 1320
INFO:__main__:Hi from python OverlayLogHandler 1321
INFO:__main__:Hi from python OverlayLogHandler 1322
INFO:__main__:Hi from python OverlayLogHandler 1323
INFO:__main__:Hi from python OverlayLogHandler 1324
INFO:__main__:Hi from python OverlayLogHandler 1325
INFO:__main__:Hi from python OverlayLogHandler 1326
INFO:__main__:Hi from python OverlayLogHandler 1327
INFO:__main__:Hi from python OverlayLogHandler 1328
INFO:__main__:Hi from python OverlayLogHandler 1329
INFO:__main__:Hi from python OverlayLogHandler 1330
INFO:__main__:Hi from python OverlayLogHandler 1331
INFO:__main__:Hi from python OverlayLogHandler 1332
INFO:__main__:Hi from python OverlayLogHandler 1333
INFO:__main__:Hi from python OverlayLogHandler 1334
INFO:__main__:Hi from python OverlayLogHandler 1335
INFO:__main__:Hi from python OverlayLogHandler 1336
INFO:__main__:Hi from python OverlayLogHandler 1337
INFO:__main__:Hi from python OverlayLogHandler 1338
INFO:__main__:Hi from python OverlayLogHandler 1339
INFO:__main__:Hi from python OverlayLogHandler 1340
INFO:__main__:Hi from python OverlayLogHandler 1341
INFO:__main__:Hi from python OverlayLogHandler 1342
INFO:__main__:Hi from python OverlayLogHandler 1343
INFO:__main__:Hi from python OverlayLogHandler 1344
INFO:__main__:Hi from python OverlayLogHandler 1345
INFO:__main__:Hi from python OverlayLogHandler 1346
INFO:__main__:Hi from python OverlayLogHandler 1347
INFO:__main__:Hi from python OverlayLogHandler 1348
INFO:__main__:Hi from python OverlayLogHandler 1349
INFO:__main__:Hi from python OverlayLogHandler 1350
INFO:__main__:Hi from python OverlayLogHandler 1351
INFO:__main__:Hi from python OverlayLogHandler 1352
INFO:__main__:Hi from python OverlayLogHandler 1353
INFO:__main__:Hi from python OverlayLogHandler 1354
INFO:__main__:Hi from python OverlayLogHandler 1355
INFO:__main__:Hi from python OverlayLogHandler 1356
INFO:__main__:Hi from python OverlayLogHandler 1357
INFO:__main__:Hi from python OverlayLogHandler 1358
INFO:__main__:Hi from python OverlayLogHandler 1359
INFO:__main__:Hi from python OverlayLogHandler 1360
INFO:__main__:Hi from python OverlayLogHandler 1361
INFO:__main__:Hi from python OverlayLogHandler 1362
INFO:__main__:Hi from python OverlayLogHandler 1363
INFO:__main__:Hi from python OverlayLogHandler 1364
INFO:__main__:Hi from python OverlayLogHandler 1365
INFO:__main__:Hi from python OverlayLogHandler 1366
INFO:__main__:Hi from python OverlayLogHandler 1367
INFO:__main__:Hi from python OverlayLogHandler 1368
INFO:__main__:Hi from python OverlayLogHandler 1369
INFO:__main__:Hi from python OverlayLogHandler 1370
INFO:__main__:Hi from python OverlayLogHandler 1371
INFO:__main__:Hi from python OverlayLogHandler 1372
INFO:__main__:Hi from python OverlayLogHandler 1373
INFO:__main__:Hi from python OverlayLogHandler 1374
INFO:__main__:Hi from python OverlayLogHandler 1375
INFO:__main__:Hi from python OverlayLogHandler 1376
INFO:__main__:Hi from python OverlayLogHandler 1377
INFO:__main__:Hi from python OverlayLogHandler 1378
INFO:__main__:Hi from python OverlayLogHandler 1379
INFO:__main__:Hi from python OverlayLogHandler 1380
INFO:__main__:Hi from python OverlayLogHandler 1381
INFO:__main__:Hi from python OverlayLogHandler 1382
INFO:__main__:Hi from python OverlayLogHandler 1383
INFO:__main__:Hi from python OverlayLogHandler 1384
INFO:__main__:Hi from python OverlayLogHandler 1385
INFO:__main__:Hi from python OverlayLogHandler 1386
INFO:__main__:Hi from python OverlayLogHandler 1387
INFO:__main__:Hi from python OverlayLogHandler 1388
INFO:__main__:Hi from python OverlayLogHandler 1389
INFO:__main__:Hi from python OverlayLogHandler 1390
INFO:__main__:Hi from python OverlayLogHandler 1391
INFO:__main__:Hi from python OverlayLogHandler 1392
INFO:__main__:Hi from python OverlayLogHandler 1393
INFO:__main__:Hi from python OverlayLogHandler 1394
INFO:__main__:Hi from python OverlayLogHandler 1395
INFO:__main__:Hi from python OverlayLogHandler 1396
INFO:__main__:Hi from python OverlayLogHandler 1397
INFO:__main__:Hi from python OverlayLogHandler 1398
INFO:__main__:Hi from python OverlayLogHandler 1399
INFO:__main__:Hi from python OverlayLogHandler 1400
INFO:__main__:Hi from python OverlayLogHandler 1401
INFO:__main__:Hi from python OverlayLogHandler 1402
INFO:__main__:Hi from python OverlayLogHandler 1403
INFO:__main__:Hi from python OverlayLogHandler 1404
INFO:__main__:Hi from python OverlayLogHandler 1405
INFO:__main__:Hi from python OverlayLogHandler 1406
INFO:__main__:Hi from python OverlayLogHandler 1407
INFO:__main__:Hi from python OverlayLogHandler 1408
INFO:__main__:Hi from python OverlayLogHandler 1409
INFO:__main__:Hi from python OverlayLogHandler 1410
INFO:__main__:Hi from python OverlayLogHandler 1411
INFO:__main__:Hi from python OverlayLogHandler 1412
INFO:__main__:Hi from python OverlayLogHandler 1413
INFO:__main__:Hi from python OverlayLogHandler 1414
INFO:__main__:Hi from python OverlayLogHandler 1415
INFO:__main__:Hi from python OverlayLogHandler 1416
INFO:__main__:Hi from python OverlayLogHandler 1417
INFO:__main__:Hi from python OverlayLogHandler 1418
INFO:__main__:Hi from python OverlayLogHandler 1419
INFO:__main__:Hi from python OverlayLogHandler 1420
INFO:__main__:Hi from python OverlayLogHandler 1421
INFO:__main__:Hi from python OverlayLogHandler 1422
INFO:__main__:Hi from python OverlayLogHandler 1423
INFO:__main__:Hi from python OverlayLogHandler 1424
INFO:__main__:Hi from python OverlayLogHandler 1425
INFO:__main__:Hi from python OverlayLogHandler 1426
INFO:__main__:Hi from python OverlayLogHandler 1427
INFO:__main__:Hi from python OverlayLogHandler 1428
INFO:__main__:Hi from python OverlayLogHandler 1429
INFO:__main__:Hi from python OverlayLogHandler 1430
INFO:__main__:Hi from python OverlayLogHandler 1431
INFO:__main__:Hi from python OverlayLogHandler 1432
INFO:__main__:Hi from python OverlayLogHandler 1433
INFO:__main__:Hi from python OverlayLogHandler 1434
INFO:__main__:Hi from python OverlayLogHandler 1435
INFO:__main__:Hi from python OverlayLogHandler 1436
INFO:__main__:Hi from python OverlayLogHandler 1437
INFO:__main__:Hi from python OverlayLogHandler 1438
INFO:__main__:Hi from python OverlayLogHandler 1439
INFO:__main__:Hi from python OverlayLogHandler 1440
INFO:__main__:Hi from python OverlayLogHandler 1441
INFO:__main__:Hi from python OverlayLogHandler 1442
INFO:__main__:Hi from python OverlayLogHandler 1443
INFO:__main__:Hi from python OverlayLogHandler 1444
INFO:__main__:Hi from python OverlayLogHandler 1445
INFO:__main__:Hi from python OverlayLogHandler 1446
INFO:__main__:Hi from python OverlayLogHandler 1447
INFO:__main__:Hi from python OverlayLogHandler 1448
INFO:__main__:Hi from python OverlayLogHandler 1449
INFO:__main__:Hi from python OverlayLogHandler 1450
INFO:__main__:Hi from python OverlayLogHandler 1451
INFO:__main__:Hi from python OverlayLogHandler 1452
INFO:__main__:Hi from python OverlayLogHandler 1453
INFO:__main__:Hi from python OverlayLogHandler 1454
INFO:__main__:Hi from python OverlayLogHandler 1455
INFO:__main__:Hi from python OverlayLogHandler 1456
INFO:__main__:Hi from python OverlayLogHandler 1457
INFO:__main__:Hi from python OverlayLogHandler 1458
INFO:__main__:Hi from python OverlayLogHandler 1459
INFO:__main__:Hi from python OverlayLogHandler 1460
INFO:__main__:Hi from python OverlayLogHandler 1461
INFO:__main__:Hi from python OverlayLogHandler 1462
INFO:__main__:Hi from python OverlayLogHandler 1463
INFO:__main__:Hi from python OverlayLogHandler 1464
INFO:__main__:Hi from python OverlayLogHandler 1465
INFO:__main__:Hi from python OverlayLogHandler 1466
INFO:__main__:Hi from python OverlayLogHandler 1467
INFO:__main__:Hi from python OverlayLogHandler 1468
INFO:__main__:Hi from python OverlayLogHandler 1469
INFO:__main__:Hi from python OverlayLogHandler 1470
INFO:__main__:Hi from python OverlayLogHandler 1471
INFO:__main__:Hi from python OverlayLogHandler 1472
INFO:__main__:Hi from python OverlayLogHandler 1473
INFO:__main__:Hi from python OverlayLogHandler 1474
INFO:__main__:Hi from python OverlayLogHandler 1475
INFO:__main__:Hi from python OverlayLogHandler 1476
INFO:__main__:Hi from python OverlayLogHandler 1477
INFO:__main__:Hi from python OverlayLogHandler 1478
INFO:__main__:Hi from python OverlayLogHandler 1479
INFO:__main__:Hi from python OverlayLogHandler 1480
INFO:__main__:Hi from python OverlayLogHandler 1481
INFO:__main__:Hi from python OverlayLogHandler 1482
INFO:__main__:Hi from python OverlayLogHandler 1483
INFO:__main__:Hi from python OverlayLogHandler 1484
INFO:__main__:Hi from python OverlayLogHandler 1485
INFO:__main__:Hi from python OverlayLogHandler 1486
INFO:__main__:Hi from python OverlayLogHandler 1487
INFO:__main__:Hi from python OverlayLogHandler 1488
INFO:__main__:Hi from python OverlayLogHandler 1489
INFO:__main__:Hi from python OverlayLogHandler 1490
INFO:__main__:Hi from python OverlayLogHandler 1491
INFO:__main__:Hi from python OverlayLogHandler 1492
INFO:__main__:Hi from python OverlayLogHandler 1493
INFO:__main__:Hi from python OverlayLogHandler 1494
INFO:__main__:Hi from python OverlayLogHandler 1495
INFO:__main__:Hi from python OverlayLogHandler 1496
INFO:__main__:Hi from python OverlayLogHandler 1497
INFO:__main__:Hi from python OverlayLogHandler 1498
INFO:__main__:Hi from python OverlayLogHandler 1499
INFO:__main__:Hi from python OverlayLogHandler 1500
INFO:__main__:Hi from python OverlayLogHandler 1501
INFO:__main__:Hi from python OverlayLogHandler 1502
INFO:__main__:Hi from python OverlayLogHandler 1503
INFO:__main__:Hi from python OverlayLogHandler 1504
INFO:__main__:Hi from python OverlayLogHandler 1505
INFO:__main__:Hi from python OverlayLogHandler 1506
INFO:__main__:Hi from python OverlayLogHandler 1507
INFO:__main__:Hi from python OverlayLogHandler 1508
INFO:__main__:Hi from python OverlayLogHandler 1509
INFO:__main__:Hi from python OverlayLogHandler 1510
INFO:__main__:Hi from python OverlayLogHandler 1511
INFO:__main__:Hi from python OverlayLogHandler 1512
INFO:__main__:Hi from python OverlayLogHandler 1513
INFO:__main__:Hi from python OverlayLogHandler 1514
INFO:__main__:Hi from python OverlayLogHandler 1515
INFO:__main__:Hi from python OverlayLogHandler 1516
INFO:__main__:Hi from python OverlayLogHandler 1517
INFO:__main__:Hi from python OverlayLogHandler 1518
INFO:__main__:Hi from python OverlayLogHandler 1519
INFO:__main__:Hi from python OverlayLogHandler 1520
INFO:__main__:Hi from python OverlayLogHandler 1521
INFO:__main__:Hi from python OverlayLogHandler 1522
INFO:__main__:Hi from python OverlayLogHandler 1523
INFO:__main__:Hi from python OverlayLogHandler 1524
INFO:__main__:Hi from python OverlayLogHandler 1525
INFO:__main__:Hi from python OverlayLogHandler 1526
INFO:__main__:Hi from python OverlayLogHandler 1527
INFO:__main__:Hi from python OverlayLogHandler 1528
INFO:__main__:Hi from python OverlayLogHandler 1529
INFO:__main__:Hi from python OverlayLogHandler 1530
INFO:__main__:Hi from python OverlayLogHandler 1531
INFO:__main__:Hi from python OverlayLogHandler 1532
INFO:__main__:Hi from python OverlayLogHandler 1533
INFO:__main__:Hi from python OverlayLogHandler 1534
INFO:__main__:Hi from python OverlayLogHandler 1535
INFO:__main__:Hi from python OverlayLogHandler 1536
INFO:__main__:Hi from python OverlayLogHandler 1537
INFO:__main__:Hi from python OverlayLogHandler 1538
INFO:__main__:Hi from python OverlayLogHandler 1539
INFO:__main__:Hi from python OverlayLogHandler 1540
INFO:__main__:Hi from python OverlayLogHandler 1541
INFO:__main__:Hi from python OverlayLogHandler 1542
INFO:__main__:Hi from python OverlayLogHandler 1543
INFO:__main__:Hi from python OverlayLogHandler 1544
INFO:__main__:Hi from python OverlayLogHandler 1545
INFO:__main__:Hi from python OverlayLogHandler 1546
INFO:__main__:Hi from python OverlayLogHandler 1547
INFO:__main__:Hi from python OverlayLogHandler 1548
INFO:__main__:Hi from python OverlayLogHandler 1549
INFO:__main__:Hi from python OverlayLogHandler 1550
INFO:__main__:Hi from python OverlayLogHandler 1551
INFO:__main__:Hi from python OverlayLogHandler 1552
INFO:__main__:Hi from python OverlayLogHandler 1553
INFO:__main__:Hi from python OverlayLogHandler 1554
INFO:__main__:Hi from python OverlayLogHandler 1555
INFO:__main__:Hi from python OverlayLogHandler 1556
INFO:__main__:Hi from python OverlayLogHandler 1557
INFO:__main__:Hi from python OverlayLogHandler 1558
INFO:__main__:Hi from python OverlayLogHandler 1559
INFO:__main__:Hi from python OverlayLogHandler 1560
INFO:__main__:Hi from python OverlayLogHandler 1561
INFO:__main__:Hi from python OverlayLogHandler 1562
INFO:__main__:Hi from python OverlayLogHandler 1563
INFO:__main__:Hi from python OverlayLogHandler 1564
INFO:__main__:Hi from python OverlayLogHandler 1565
INFO:__main__:Hi from python OverlayLogHandler 1566
INFO:__main__:Hi from python OverlayLogHandler 1567
INFO:__main__:Hi from python OverlayLogHandler 1568
INFO:__main__:Hi from python OverlayLogHandler 1569
INFO:__main__:Hi from python OverlayLogHandler 1570
INFO:__main__:Hi from python OverlayLogHandler 1571
INFO:__main__:Hi from python OverlayLogHandler 1572
INFO:__main__:Hi from python OverlayLogHandler 1573
INFO:__main__:Hi from python OverlayLogHandler 1574
INFO:__main__:Hi from python OverlayLogHandler 1575
INFO:__main__:Hi from python OverlayLogHandler 1576
INFO:__main__:Hi from python OverlayLogHandler 1577
INFO:__main__:Hi from python OverlayLogHandler 1578
INFO:__main__:Hi from python OverlayLogHandler 1579
INFO:__main__:Hi from python OverlayLogHandler 1580
INFO:__main__:Hi from python OverlayLogHandler 1581
INFO:__main__:Hi from python OverlayLogHandler 1582
INFO:__main__:Hi from python OverlayLogHandler 1583
INFO:__main__:Hi from python OverlayLogHandler 1584
INFO:__main__:Hi from python OverlayLogHandler 1585
INFO:__main__:Hi from python OverlayLogHandler 1586
INFO:__main__:Hi from python OverlayLogHandler 1587
INFO:__main__:Hi from python OverlayLogHandler 1588
INFO:__main__:Hi from python OverlayLogHandler 1589
INFO:__main__:Hi from python OverlayLogHandler 1590
INFO:__main__:Hi from python OverlayLogHandler 1591
INFO:__main__:Hi from python OverlayLogHandler 1592
INFO:__main__:Hi from python OverlayLogHandler 1593
INFO:__main__:Hi from python OverlayLogHandler 1594
INFO:__main__:Hi from python OverlayLogHandler 1595
INFO:__main__:Hi from python OverlayLogHandler 1596
INFO:__main__:Hi from python OverlayLogHandler 1597
INFO:__main__:Hi from python OverlayLogHandler 1598
INFO:__main__:Hi from python OverlayLogHandler 1599
INFO:__main__:Hi from python OverlayLogHandler 1600
INFO:__main__:Hi from python OverlayLogHandler 1601
INFO:__main__:Hi from python OverlayLogHandler 1602
INFO:__main__:Hi from python OverlayLogHandler 1603
INFO:__main__:Hi from python OverlayLogHandler 1604
INFO:__main__:Hi from python OverlayLogHandler 1605
INFO:__main__:Hi from python OverlayLogHandler 1606
INFO:__main__:Hi from python OverlayLogHandler 1607
INFO:__main__:Hi from python OverlayLogHandler 1608
INFO:__main__:Hi from python OverlayLogHandler 1609
INFO:__main__:Hi from python OverlayLogHandler 1610
INFO:__main__:Hi from python OverlayLogHandler 1611
INFO:__main__:Hi from python OverlayLogHandler 1612
INFO:__main__:Hi from python OverlayLogHandler 1613
INFO:__main__:Hi from python OverlayLogHandler 1614
INFO:__main__:Hi from python OverlayLogHandler 1615
INFO:__main__:Hi from python OverlayLogHandler 1616
INFO:__main__:Hi from python OverlayLogHandler 1617
INFO:__main__:Hi from python OverlayLogHandler 1618
INFO:__main__:Hi from python OverlayLogHandler 1619
INFO:__main__:Hi from python OverlayLogHandler 1620
INFO:__main__:Hi from python OverlayLogHandler 1621
INFO:__main__:Hi from python OverlayLogHandler 1622
INFO:__main__:Hi from python OverlayLogHandler 1623
INFO:__main__:Hi from python OverlayLogHandler 1624
INFO:__main__:Hi from python OverlayLogHandler 1625
INFO:__main__:Hi from python OverlayLogHandler 1626
INFO:__main__:Hi from python OverlayLogHandler 1627
INFO:__main__:Hi from python OverlayLogHandler 1628
INFO:__main__:Hi from python OverlayLogHandler 1629
INFO:__main__:Hi from python OverlayLogHandler 1630
INFO:__main__:Hi from python OverlayLogHandler 1631
INFO:__main__:Hi from python OverlayLogHandler 1632
INFO:__main__:Hi from python OverlayLogHandler 1633
INFO:__main__:Hi from python OverlayLogHandler 1634
INFO:__main__:Hi from python OverlayLogHandler 1635
INFO:__main__:Hi from python OverlayLogHandler 1636
INFO:__main__:Hi from python OverlayLogHandler 1637
INFO:__main__:Hi from python OverlayLogHandler 1638
INFO:__main__:Hi from python OverlayLogHandler 1639
INFO:__main__:Hi from python OverlayLogHandler 1640
INFO:__main__:Hi from python OverlayLogHandler 1641
INFO:__main__:Hi from python OverlayLogHandler 1642
INFO:__main__:Hi from python OverlayLogHandler 1643
INFO:__main__:Hi from python OverlayLogHandler 1644
INFO:__main__:Hi from python OverlayLogHandler 1645
INFO:__main__:Hi from python OverlayLogHandler 1646
INFO:__main__:Hi from python OverlayLogHandler 1647
INFO:__main__:Hi from python OverlayLogHandler 1648
INFO:__main__:Hi from python OverlayLogHandler 1649
INFO:__main__:Hi from python OverlayLogHandler 1650
INFO:__main__:Hi from python OverlayLogHandler 1651
INFO:__main__:Hi from python OverlayLogHandler 1652
INFO:__main__:Hi from python OverlayLogHandler 1653
INFO:__main__:Hi from python OverlayLogHandler 1654
INFO:__main__:Hi from python OverlayLogHandler 1655
INFO:__main__:Hi from python OverlayLogHandler 1656
INFO:__main__:Hi from python OverlayLogHandler 1657
INFO:__main__:Hi from python OverlayLogHandler 1658
INFO:__main__:Hi from python OverlayLogHandler 1659
INFO:__main__:Hi from python OverlayLogHandler 1660
INFO:__main__:Hi from python OverlayLogHandler 1661
INFO:__main__:Hi from python OverlayLogHandler 1662
INFO:__main__:Hi from python OverlayLogHandler 1663
INFO:__main__:Hi from python OverlayLogHandler 1664
INFO:__main__:Hi from python OverlayLogHandler 1665
INFO:__main__:Hi from python OverlayLogHandler 1666
INFO:__main__:Hi from python OverlayLogHandler 1667
INFO:__main__:Hi from python OverlayLogHandler 1668
INFO:__main__:Hi from python OverlayLogHandler 1669
INFO:__main__:Hi from python OverlayLogHandler 1670
INFO:__main__:Hi from python OverlayLogHandler 1671
INFO:__main__:Hi from python OverlayLogHandler 1672
INFO:__main__:Hi from python OverlayLogHandler 1673
INFO:__main__:Hi from python OverlayLogHandler 1674
INFO:__main__:Hi from python OverlayLogHandler 1675
INFO:__main__:Hi from python OverlayLogHandler 1676
INFO:__main__:Hi from python OverlayLogHandler 1677
INFO:__main__:Hi from python OverlayLogHandler 1678
INFO:__main__:Hi from python OverlayLogHandler 1679
INFO:__main__:Hi from python OverlayLogHandler 1680
INFO:__main__:Hi from python OverlayLogHandler 1681
INFO:__main__:Hi from python OverlayLogHandler 1682
INFO:__main__:Hi from python OverlayLogHandler 1683
INFO:__main__:Hi from python OverlayLogHandler 1684
INFO:__main__:Hi from python OverlayLogHandler 1685
INFO:__main__:Hi from python OverlayLogHandler 1686
INFO:__main__:Hi from python OverlayLogHandler 1687
INFO:__main__:Hi from python OverlayLogHandler 1688
INFO:__main__:Hi from python OverlayLogHandler 1689
INFO:__main__:Hi from python OverlayLogHandler 1690
INFO:__main__:Hi from python OverlayLogHandler 1691
INFO:__main__:Hi from python OverlayLogHandler 1692
INFO:__main__:Hi from python OverlayLogHandler 1693
INFO:__main__:Hi from python OverlayLogHandler 1694
INFO:__main__:Hi from python OverlayLogHandler 1695
INFO:__main__:Hi from python OverlayLogHandler 1696
INFO:__main__:Hi from python OverlayLogHandler 1697
INFO:__main__:Hi from python OverlayLogHandler 1698
INFO:__main__:Hi from python OverlayLogHandler 1699
INFO:__main__:Hi from python OverlayLogHandler 1700
INFO:__main__:Hi from python OverlayLogHandler 1701
INFO:__main__:Hi from python OverlayLogHandler 1702
INFO:__main__:Hi from python OverlayLogHandler 1703
INFO:__main__:Hi from python OverlayLogHandler 1704
INFO:__main__:Hi from python OverlayLogHandler 1705
INFO:__main__:Hi from python OverlayLogHandler 1706
INFO:__main__:Hi from python OverlayLogHandler 1707
INFO:__main__:Hi from python OverlayLogHandler 1708
INFO:__main__:Hi from python OverlayLogHandler 1709
INFO:__main__:Hi from python OverlayLogHandler 1710
INFO:__main__:Hi from python OverlayLogHandler 1711
INFO:__main__:Hi from python OverlayLogHandler 1712
INFO:__main__:Hi from python OverlayLogHandler 1713
INFO:__main__:Hi from python OverlayLogHandler 1714
INFO:__main__:Hi from python OverlayLogHandler 1715
INFO:__main__:Hi from python OverlayLogHandler 1716
INFO:__main__:Hi from python OverlayLogHandler 1717
INFO:__main__:Hi from python OverlayLogHandler 1718
INFO:__main__:Hi from python OverlayLogHandler 1719
INFO:__main__:Hi from python OverlayLogHandler 1720
INFO:__main__:Hi from python OverlayLogHandler 1721
INFO:__main__:Hi from python OverlayLogHandler 1722
INFO:__main__:Hi from python OverlayLogHandler 1723
INFO:__main__:Hi from python OverlayLogHandler 1724
INFO:__main__:Hi from python OverlayLogHandler 1725
INFO:__main__:Hi from python OverlayLogHandler 1726
INFO:__main__:Hi from python OverlayLogHandler 1727
INFO:__main__:Hi from python OverlayLogHandler 1728
INFO:__main__:Hi from python OverlayLogHandler 1729
INFO:__main__:Hi from python OverlayLogHandler 1730
INFO:__main__:Hi from python OverlayLogHandler 1731
INFO:__main__:Hi from python OverlayLogHandler 1732
INFO:__main__:Hi from python OverlayLogHandler 1733
INFO:__main__:Hi from python OverlayLogHandler 1734
INFO:__main__:Hi from python OverlayLogHandler 1735
INFO:__main__:Hi from python OverlayLogHandler 1736
INFO:__main__:Hi from python OverlayLogHandler 1737
INFO:__main__:Hi from python OverlayLogHandler 1738
INFO:__main__:Hi from python OverlayLogHandler 1739
INFO:__main__:Hi from python OverlayLogHandler 1740
INFO:__main__:Hi from python OverlayLogHandler 1741
INFO:__main__:Hi from python OverlayLogHandler 1742
INFO:__main__:Hi from python OverlayLogHandler 1743
INFO:__main__:Hi from python OverlayLogHandler 1744
INFO:__main__:Hi from python OverlayLogHandler 1745
INFO:__main__:Hi from python OverlayLogHandler 1746
INFO:__main__:Hi from python OverlayLogHandler 1747
INFO:__main__:Hi from python OverlayLogHandler 1748
INFO:__main__:Hi from python OverlayLogHandler 1749
INFO:__main__:Hi from python OverlayLogHandler 1750
INFO:__main__:Hi from python OverlayLogHandler 1751
INFO:__main__:Hi from python OverlayLogHandler 1752
INFO:__main__:Hi from python OverlayLogHandler 1753
INFO:__main__:Hi from python OverlayLogHandler 1754
INFO:__main__:Hi from python OverlayLogHandler 1755
INFO:__main__:Hi from python OverlayLogHandler 1756
INFO:__main__:Hi from python OverlayLogHandler 1757
INFO:__main__:Hi from python OverlayLogHandler 1758
INFO:__main__:Hi from python OverlayLogHandler 1759
INFO:__main__:Hi from python OverlayLogHandler 1760
INFO:__main__:Hi from python OverlayLogHandler 1761
INFO:__main__:Hi from python OverlayLogHandler 1762
INFO:__main__:Hi from python OverlayLogHandler 1763
INFO:__main__:Hi from python OverlayLogHandler 1764
INFO:__main__:Hi from python OverlayLogHandler 1765
INFO:__main__:Hi from python OverlayLogHandler 1766
INFO:__main__:Hi from python OverlayLogHandler 1767
INFO:__main__:Hi from python OverlayLogHandler 1768
INFO:__main__:Hi from python OverlayLogHandler 1769
INFO:__main__:Hi from python OverlayLogHandler 1770
INFO:__main__:Hi from python OverlayLogHandler 1771
INFO:__main__:Hi from python OverlayLogHandler 1772
INFO:__main__:Hi from python OverlayLogHandler 1773
INFO:__main__:Hi from python OverlayLogHandler 1774
INFO:__main__:Hi from python OverlayLogHandler 1775
INFO:__main__:Hi from python OverlayLogHandler 1776
INFO:__main__:Hi from python OverlayLogHandler 1777
INFO:__main__:Hi from python OverlayLogHandler 1778
INFO:__main__:Hi from python OverlayLogHandler 1779
INFO:__main__:Hi from python OverlayLogHandler 1780
INFO:__main__:Hi from python OverlayLogHandler 1781
INFO:__main__:Hi from python OverlayLogHandler 1782
INFO:__main__:Hi from python OverlayLogHandler 1783
INFO:__main__:Hi from python OverlayLogHandler 1784
INFO:__main__:Hi from python OverlayLogHandler 1785
INFO:__main__:Hi from python OverlayLogHandler 1786
INFO:__main__:Hi from python OverlayLogHandler 1787
INFO:__main__:Hi from python OverlayLogHandler 1788
INFO:__main__:Hi from python OverlayLogHandler 1789
INFO:__main__:Hi from python OverlayLogHandler 1790
INFO:__main__:Hi from python OverlayLogHandler 1791
INFO:__main__:Hi from python OverlayLogHandler 1792
INFO:__main__:Hi from python OverlayLogHandler 1793
INFO:__main__:Hi from python OverlayLogHandler 1794
INFO:__main__:Hi from python OverlayLogHandler 1795
INFO:__main__:Hi from python OverlayLogHandler 1796
INFO:__main__:Hi from python OverlayLogHandler 1797
INFO:__main__:Hi from python OverlayLogHandler 1798
INFO:__main__:Hi from python OverlayLogHandler 1799
INFO:__main__:Hi from python OverlayLogHandler 1800
INFO:__main__:Hi from python OverlayLogHandler 1801
INFO:__main__:Hi from python OverlayLogHandler 1802
INFO:__main__:Hi from python OverlayLogHandler 1803
INFO:__main__:Hi from python OverlayLogHandler 1804
INFO:__main__:Hi from python OverlayLogHandler 1805
INFO:__main__:Hi from python OverlayLogHandler 1806
INFO:__main__:Hi from python OverlayLogHandler 1807
INFO:__main__:Hi from python OverlayLogHandler 1808
INFO:__main__:Hi from python OverlayLogHandler 1809
INFO:__main__:Hi from python OverlayLogHandler 1810
INFO:__main__:Hi from python OverlayLogHandler 1811
INFO:__main__:Hi from python OverlayLogHandler 1812
INFO:__main__:Hi from python OverlayLogHandler 1813
INFO:__main__:Hi from python OverlayLogHandler 1814
INFO:__main__:Hi from python OverlayLogHandler 1815
INFO:__main__:Hi from python OverlayLogHandler 1816
INFO:__main__:Hi from python OverlayLogHandler 1817
INFO:__main__:Hi from python OverlayLogHandler 1818
INFO:__main__:Hi from python OverlayLogHandler 1819
INFO:__main__:Hi from python OverlayLogHandler 1820
INFO:__main__:Hi from python OverlayLogHandler 1821
INFO:__main__:Hi from python OverlayLogHandler 1822
INFO:__main__:Hi from python OverlayLogHandler 1823
INFO:__main__:Hi from python OverlayLogHandler 1824
INFO:__main__:Hi from python OverlayLogHandler 1825
INFO:__main__:Hi from python OverlayLogHandler 1826
INFO:__main__:Hi from python OverlayLogHandler 1827
INFO:__main__:Hi from python OverlayLogHandler 1828
INFO:__main__:Hi from python OverlayLogHandler 1829
INFO:__main__:Hi from python OverlayLogHandler 1830
INFO:__main__:Hi from python OverlayLogHandler 1831
INFO:__main__:Hi from python OverlayLogHandler 1832
INFO:__main__:Hi from python OverlayLogHandler 1833
INFO:__main__:Hi from python OverlayLogHandler 1834
INFO:__main__:Hi from python OverlayLogHandler 1835
INFO:__main__:Hi from python OverlayLogHandler 1836
INFO:__main__:Hi from python OverlayLogHandler 1837
INFO:__main__:Hi from python OverlayLogHandler 1838
INFO:__main__:Hi from python OverlayLogHandler 1839
INFO:__main__:Hi from python OverlayLogHandler 1840
INFO:__main__:Hi from python OverlayLogHandler 1841
INFO:__main__:Hi from python OverlayLogHandler 1842
INFO:__main__:Hi from python OverlayLogHandler 1843
INFO:__main__:Hi from python OverlayLogHandler 1844
INFO:__main__:Hi from python OverlayLogHandler 1845
INFO:__main__:Hi from python OverlayLogHandler 1846
INFO:__main__:Hi from python OverlayLogHandler 1847
INFO:__main__:Hi from python OverlayLogHandler 1848
INFO:__main__:Hi from python OverlayLogHandler 1849
INFO:__main__:Hi from python OverlayLogHandler 1850
INFO:__main__:Hi from python OverlayLogHandler 1851
INFO:__main__:Hi from python OverlayLogHandler 1852
INFO:__main__:Hi from python OverlayLogHandler 1853
INFO:__main__:Hi from python OverlayLogHandler 1854
INFO:__main__:Hi from python OverlayLogHandler 1855
INFO:__main__:Hi from python OverlayLogHandler 0
INFO:__main__:Hi from python OverlayLogHandler 1
INFO:__main__:Hi from python OverlayLogHandler 2
INFO:__main__:Hi from python OverlayLogHandler 3
INFO:__main__:Hi from python OverlayLogHandler 4
INFO:__main__:Hi from python OverlayLogHandler 5
INFO:__main__:Hi from python OverlayLogHandler 6
INFO:__main__:Hi from python OverlayLogHandler 7
INFO:__main__:Hi from python OverlayLogHandler 8
INFO:__main__:Hi from python OverlayLogHandler 9
INFO:__main__:Hi from python OverlayLogHandler 10
INFO:__main__:Hi from python OverlayLogHandler 11
INFO:__main__:Hi from python OverlayLogHandler 12
INFO:__main__:Hi from python OverlayLogHandler 13
INFO:__main__:Hi from python OverlayLogHandler 14
INFO:__main__:Hi from python OverlayLogHandler 15
INFO:__main__:Hi from python OverlayLogHandler 16
INFO:__main__:Hi from python OverlayLogHandler 17
INFO:__main__:Hi from python OverlayLogHandler 18
INFO:__main__:Hi from python OverlayLogHandler 19
INFO:__main__:Hi from python OverlayLogHandler 20
INFO:__main__:Hi from python OverlayLogHandler 21
INFO:__main__:Hi from python OverlayLogHandler 22
INFO:__main__:Hi from python OverlayLogHandler 23
INFO:__main__:Hi from python OverlayLogHandler 24
INFO:__main__:Hi from python OverlayLogHandler 25
INFO:__main__:Hi from python OverlayLogHandler 26
INFO:__main__:Hi from python OverlayLogHandler 27
INFO:__main__:Hi from python OverlayLogHandler 28
INFO:__main__:Hi from python OverlayLogHandler 29
INFO:__main__:Hi from python OverlayLogHandler 30
INFO:__main__:Hi from python OverlayLogHandler 31
INFO:__main__:Hi from python OverlayLogHandler 32
INFO:__main__:Hi from python OverlayLogHandler 33
INFO:__main__:Hi from python OverlayLogHandler 34
INFO:__main__:Hi from python OverlayLogHandler 35
INFO:__main__:Hi from python OverlayLogHandler 36
INFO:__main__:Hi from python OverlayLogHandler 37
INFO:__main__:Hi from python OverlayLogHandler 38
INFO:__main__:Hi from python OverlayLogHandler 39
INFO:__main__:Hi from python OverlayLogHandler 40
INFO:__main__:Hi from python OverlayLogHandler 41
INFO:__main__:Hi from python OverlayLogHandler 42
INFO:__main__:Hi from python OverlayLogHandler 43
INFO:__main__:Hi from python OverlayLogHandler 44
INFO:__main__:Hi from python OverlayLogHandler 45
INFO:__main__:Hi from python OverlayLogHandler 46
INFO:__main__:Hi from python OverlayLogHandler 47
INFO:__main__:Hi from python OverlayLogHandler 48
INFO:__main__:Hi from python OverlayLogHandler 49
INFO:__main__:Hi from python OverlayLogHandler 50
INFO:__main__:Hi from python OverlayLogHandler 51
INFO:__main__:Hi from python OverlayLogHandler 52
INFO:__main__:Hi from python OverlayLogHandler 53
INFO:__main__:Hi from python OverlayLogHandler 54
INFO:__main__:Hi from python OverlayLogHandler 55
INFO:__main__:Hi from python OverlayLogHandler 56
INFO:__main__:Hi from python OverlayLogHandler 57
INFO:__main__:Hi from python OverlayLogHandler 58
INFO:__main__:Hi from python OverlayLogHandler 59
INFO:__main__:Hi from python OverlayLogHandler 60
INFO:__main__:Hi from python OverlayLogHandler 61
INFO:__main__:Hi from python OverlayLogHandler 62
INFO:__main__:Hi from python OverlayLogHandler 63
INFO:__main__:Hi from python OverlayLogHandler 64
INFO:__main__:Hi from python OverlayLogHandler 65
INFO:__main__:Hi from python OverlayLogHandler 66
INFO:__main__:Hi from python OverlayLogHandler 67
INFO:__main__:Hi from python OverlayLogHandler 68
INFO:__main__:Hi from python OverlayLogHandler 69
INFO:__main__:Hi from python OverlayLogHandler 70
INFO:__main__:Hi from python OverlayLogHandler 71
INFO:__main__:Hi from python OverlayLogHandler 72
INFO:__main__:Hi from python OverlayLogHandler 73
INFO:__main__:Hi from python OverlayLogHandler 74
INFO:__main__:Hi from python OverlayLogHandler 75
INFO:__main__:Hi from python OverlayLogHandler 76
INFO:__main__:Hi from python OverlayLogHandler 77
INFO:__main__:Hi from python OverlayLogHandler 78
INFO:__main__:Hi from python OverlayLogHandler 79
INFO:__main__:Hi from python OverlayLogHandler 80
INFO:__main__:Hi from python OverlayLogHandler 81
INFO:__main__:Hi from python OverlayLogHandler 82
INFO:__main__:Hi from python OverlayLogHandler 83
INFO:__main__:Hi from python OverlayLogHandler 84
INFO:__main__:Hi from python OverlayLogHandler 85
INFO:__main__:Hi from python OverlayLogHandler 86
INFO:__main__:Hi from python OverlayLogHandler 87
INFO:__main__:Hi from python OverlayLogHandler 88
INFO:__main__:Hi from python OverlayLogHandler 89
INFO:__main__:Hi from python OverlayLogHandler 90
INFO:__main__:Hi from python OverlayLogHandler 91
INFO:__main__:Hi from python OverlayLogHandler 92
INFO:__main__:Hi from python OverlayLogHandler 93
INFO:__main__:Hi from python OverlayLogHandler 94
INFO:__main__:Hi from python OverlayLogHandler 95
INFO:__main__:Hi from python OverlayLogHandler 96
INFO:__main__:Hi from python OverlayLogHandler 97
INFO:__main__:Hi from python OverlayLogHandler 98
INFO:__main__:Hi from python OverlayLogHandler 99
INFO:__main__:Hi from python OverlayLogHandler 100
INFO:__main__:Hi from python OverlayLogHandler 101
INFO:__main__:Hi from python OverlayLogHandler 102
INFO:__main__:Hi from python OverlayLogHandler 103
INFO:__main__:Hi from python OverlayLogHandler 104
INFO:__main__:Hi from python OverlayLogHandler 105
INFO:__main__:Hi from python OverlayLogHandler 106
INFO:__main__:Hi from python OverlayLogHandler 107
INFO:__main__:Hi from python OverlayLogHandler 108
INFO:__main__:Hi from python OverlayLogHandler 109
INFO:__main__:Hi from python OverlayLogHandler 110
INFO:__main__:Hi from python OverlayLogHandler 111
INFO:__main__:Hi from python OverlayLogHandler 112
INFO:__main__:Hi from python OverlayLogHandler 113
INFO:__main__:Hi from python OverlayLogHandler 114
INFO:__main__:Hi from python OverlayLogHandler 115
INFO:__main__:Hi from python OverlayLogHandler 116
INFO:__main__:Hi from python OverlayLogHandler 117
INFO:__main__:Hi from python OverlayLogHandler 118
INFO:__main__:Hi from python OverlayLogHandler 119
INFO:__main__:Hi from python OverlayLogHandler 120
INFO:__main__:Hi from python OverlayLogHandler 121
INFO:__main__:Hi from python OverlayLogHandler 122
INFO:__main__:Hi from python OverlayLogHandler 123
INFO:__main__:Hi from python OverlayLogHandler 124
INFO:__main__:Hi from python OverlayLogHandler 125
INFO:__main__:Hi from python OverlayLogHandler 126
INFO:__main__:Hi from python OverlayLogHandler 127
INFO:__main__:Hi from python OverlayLogHandler 128
INFO:__main__:Hi from python OverlayLogHandler 129
INFO:__main__:Hi from python OverlayLogHandler 130
INFO:__main__:Hi from python OverlayLogHandler 131
INFO:__main__:Hi from python OverlayLogHandler 132
INFO:__main__:Hi from python OverlayLogHandler 133
INFO:__main__:Hi from python OverlayLogHandler 134
INFO:__main__:Hi from python OverlayLogHandler 135
INFO:__main__:Hi from python OverlayLogHandler 136
INFO:__main__:Hi from python OverlayLogHandler 137
INFO:__main__:Hi from python OverlayLogHandler 138
INFO:__main__:Hi from python OverlayLogHandler 139
INFO:__main__:Hi from python OverlayLogHandler 140
INFO:__main__:Hi from python OverlayLogHandler 141
INFO:__main__:Hi from python OverlayLogHandler 142
INFO:__main__:Hi from python OverlayLogHandler 143
INFO:__main__:Hi from python OverlayLogHandler 144
INFO:__main__:Hi from python OverlayLogHandler 145
INFO:__main__:Hi from python OverlayLogHandler 146
INFO:__main__:Hi from python OverlayLogHandler 147
INFO:__main__:Hi from python OverlayLogHandler 148
INFO:__main__:Hi from python OverlayLogHandler 149
INFO:__main__:Hi from python OverlayLogHandler 150
INFO:__main__:Hi from python OverlayLogHandler 151
INFO:__main__:Hi from python OverlayLogHandler 152
INFO:__main__:Hi from python OverlayLogHandler 153
INFO:__main__:Hi from python OverlayLogHandler 154
INFO:__main__:Hi from python OverlayLogHandler 155
INFO:__main__:Hi from python OverlayLogHandler 156
INFO:__main__:Hi from python OverlayLogHandler 157
INFO:__main__:Hi from python OverlayLogHandler 158
INFO:__main__:Hi from python OverlayLogHandler 159
INFO:__main__:Hi from python OverlayLogHandler 160
INFO:__main__:Hi from python OverlayLogHandler 161
INFO:__main__:Hi from python OverlayLogHandler 162
INFO:__main__:Hi from python OverlayLogHandler 163
INFO:__main__:Hi from python OverlayLogHandler 164
INFO:__main__:Hi from python OverlayLogHandler 165
INFO:__main__:Hi from python OverlayLogHandler 166
INFO:__main__:Hi from python OverlayLogHandler 167
INFO:__main__:Hi from python OverlayLogHandler 168
INFO:__main__:Hi from python OverlayLogHandler 169
INFO:__main__:Hi from python OverlayLogHandler 170
INFO:__main__:Hi from python OverlayLogHandler 171
INFO:__main__:Hi from python OverlayLogHandler 172
INFO:__main__:Hi from python OverlayLogHandler 173
INFO:__main__:Hi from python OverlayLogHandler 174
INFO:__main__:Hi from python OverlayLogHandler 175
INFO:__main__:Hi from python OverlayLogHandler 176
INFO:__main__:Hi from python OverlayLogHandler 177
INFO:__main__:Hi from python OverlayLogHandler 178
INFO:__main__:Hi from python OverlayLogHandler 179
INFO:__main__:Hi from python OverlayLogHandler 180
INFO:__main__:Hi from python OverlayLogHandler 181
INFO:__main__:Hi from python OverlayLogHandler 182
INFO:__main__:Hi from python OverlayLogHandler 183
INFO:__main__:Hi from python OverlayLogHandler 184
INFO:__main__:Hi from python OverlayLogHandler 185
INFO:__main__:Hi from python OverlayLogHandler 186
INFO:__main__:Hi from python OverlayLogHandler 187
INFO:__main__:Hi from python OverlayLogHandler 188
INFO:__main__:Hi from python OverlayLogHandler 189
INFO:__main__:Hi from python OverlayLogHandler 0
INFO:__main__:Hi from python OverlayLogHandler 1
INFO:__main__:Hi from python OverlayLogHandler 2
INFO:__main__:Hi from python OverlayLogHandler 3
INFO:__main__:Hi from python OverlayLogHandler 4
INFO:__main__:Hi from python OverlayLogHandler 5
INFO:__main__:Hi from python OverlayLogHandler 6
INFO:__main__:Hi from python OverlayLogHandler 7
INFO:__main__:Hi from python OverlayLogHandler 8
INFO:__main__:Hi from python OverlayLogHandler 9
INFO:__main__:Hi from python OverlayLogHandler 10
INFO:__main__:Hi from python OverlayLogHandler 11
INFO:__main__:Hi from python OverlayLogHandler 12
INFO:__main__:Hi from python OverlayLogHandler 13
INFO:__main__:Hi from python OverlayLogHandler 14
INFO:__main__:Hi from python OverlayLogHandler 15
INFO:__main__:Hi from python OverlayLogHandler 16
INFO:__main__:Hi from python OverlayLogHandler 17
INFO:__main__:Hi from python OverlayLogHandler 18
INFO:__main__:Hi from python OverlayLogHandler 19
INFO:__main__:Hi from python OverlayLogHandler 20
INFO:__main__:Hi from python OverlayLogHandler 21
INFO:__main__:Hi from python OverlayLogHandler 22
INFO:__main__:Hi from python OverlayLogHandler 23
INFO:__main__:Hi from python OverlayLogHandler 24
INFO:__main__:Hi from python OverlayLogHandler 25
INFO:__main__:Hi from python OverlayLogHandler 26
INFO:__main__:Hi from python OverlayLogHandler 27
INFO:__main__:Hi from python OverlayLogHandler 28
INFO:__main__:Hi from python OverlayLogHandler 29
INFO:__main__:Hi from python OverlayLogHandler 30
INFO:__main__:Hi from python OverlayLogHandler 31
INFO:__main__:Hi from python OverlayLogHandler 32
INFO:__main__:Hi from python OverlayLogHandler 33
INFO:__main__:Hi from python OverlayLogHandler 34
INFO:__main__:Hi from python OverlayLogHandler 35
INFO:__main__:Hi from python OverlayLogHandler 36
INFO:__main__:Hi from python OverlayLogHandler 37
INFO:__main__:Hi from python OverlayLogHandler 38
INFO:__main__:Hi from python OverlayLogHandler 39
INFO:__main__:Hi from python OverlayLogHandler 40
INFO:__main__:Hi from python OverlayLogHandler 41
INFO:__main__:Hi from python OverlayLogHandler 42
INFO:__main__:Hi from python OverlayLogHandler 43
INFO:__main__:Hi from python OverlayLogHandler 44
INFO:__main__:Hi from python OverlayLogHandler 45
INFO:__main__:Hi from python OverlayLogHandler 46
INFO:__main__:Hi from python OverlayLogHandler 47
INFO:__main__:Hi from python OverlayLogHandler 48
INFO:__main__:Hi from python OverlayLogHandler 49
INFO:__main__:Hi from python OverlayLogHandler 50
INFO:__main__:Hi from python OverlayLogHandler 51
INFO:__main__:Hi from python OverlayLogHandler 52
INFO:__main__:Hi from python OverlayLogHandler 53
INFO:__main__:Hi from python OverlayLogHandler 54
INFO:__main__:Hi from python OverlayLogHandler 55
INFO:__main__:Hi from python OverlayLogHandler 56
INFO:__main__:Hi from python OverlayLogHandler 57
INFO:__main__:Hi from python OverlayLogHandler 58
INFO:__main__:Hi from python OverlayLogHandler 59
INFO:__main__:Hi from python OverlayLogHandler 60
INFO:__main__:Hi from python OverlayLogHandler 61
INFO:__main__:Hi from python OverlayLogHandler 62
INFO:__main__:Hi from python OverlayLogHandler 63
INFO:__main__:Hi from python OverlayLogHandler 64
INFO:__main__:Hi from python OverlayLogHandler 65
INFO:__main__:Hi from python OverlayLogHandler 66
INFO:__main__:Hi from python OverlayLogHandler 67
INFO:__main__:Hi from python OverlayLogHandler 68
INFO:__main__:Hi from python OverlayLogHandler 69
INFO:__main__:Hi from python OverlayLogHandler 70
INFO:__main__:Hi from python OverlayLogHandler 71
INFO:__main__:Hi from python OverlayLogHandler 72
INFO:__main__:Hi from python OverlayLogHandler 73
INFO:__main__:Hi from python OverlayLogHandler 74
INFO:__main__:Hi from python OverlayLogHandler 75
INFO:__main__:Hi from python OverlayLogHandler 76
INFO:__main__:Hi from python OverlayLogHandler 77
INFO:__main__:Hi from python OverlayLogHandler 78
INFO:__main__:Hi from python OverlayLogHandler 79
INFO:__main__:Hi from python OverlayLogHandler 80
INFO:__main__:Hi from python OverlayLogHandler 81
INFO:__main__:Hi from python OverlayLogHandler 82
INFO:__main__:Hi from python OverlayLogHandler 83
INFO:__main__:Hi from python OverlayLogHandler 84
INFO:__main__:Hi from python OverlayLogHandler 85
INFO:__main__:Hi from python OverlayLogHandler 86
INFO:__main__:Hi from python OverlayLogHandler 87
INFO:__main__:Hi from python OverlayLogHandler 88
INFO:__main__:Hi from python OverlayLogHandler 89
INFO:__main__:Hi from python OverlayLogHandler 90
INFO:__main__:Hi from python OverlayLogHandler 91
INFO:__main__:Hi from python OverlayLogHandler 92
INFO:__main__:Hi from python OverlayLogHandler 93
INFO:__main__:Hi from python OverlayLogHandler 94
INFO:__main__:Hi from python OverlayLogHandler 95
INFO:__main__:Hi from python OverlayLogHandler 96
INFO:__main__:Hi from python OverlayLogHandler 97
INFO:__main__:Hi from python OverlayLogHandler 98
INFO:__main__:Hi from python OverlayLogHandler 99
INFO:__main__:Hi from python OverlayLogHandler 100
INFO:__main__:Hi from python OverlayLogHandler 101
INFO:__main__:Hi from python OverlayLogHandler 102
INFO:__main__:Hi from python OverlayLogHandler 103
INFO:__main__:Hi from python OverlayLogHandler 104
INFO:__main__:Hi from python OverlayLogHandler 105
INFO:__main__:Hi from python OverlayLogHandler 106
INFO:__main__:Hi from python OverlayLogHandler 107
INFO:__main__:Hi from python OverlayLogHandler 108
INFO:__main__:Hi from python OverlayLogHandler 109
INFO:__main__:Hi from python OverlayLogHandler 110
INFO:__main__:Hi from python OverlayLogHandler 111
INFO:__main__:Hi from python OverlayLogHandler 112
INFO:__main__:Hi from python OverlayLogHandler 113
INFO:__main__:Hi from python OverlayLogHandler 114
INFO:__main__:Hi from python OverlayLogHandler 115
INFO:__main__:Hi from python OverlayLogHandler 116
INFO:__main__:Hi from python OverlayLogHandler 117
INFO:__main__:Hi from python OverlayLogHandler 118
INFO:__main__:Hi from python OverlayLogHandler 119
INFO:__main__:Hi from python OverlayLogHandler 120
INFO:__main__:Hi from python OverlayLogHandler 121
INFO:__main__:Hi from python OverlayLogHandler 122
INFO:__main__:Hi from python OverlayLogHandler 123
INFO:__main__:Hi from python OverlayLogHandler 124
INFO:__main__:Hi from python OverlayLogHandler 125
INFO:__main__:Hi from python OverlayLogHandler 126
INFO:__main__:Hi from python OverlayLogHandler 127
INFO:__main__:Hi from python OverlayLogHandler 128
INFO:__main__:Hi from python OverlayLogHandler 129
INFO:__main__:Hi from python OverlayLogHandler 130
INFO:__main__:Hi from python OverlayLogHandler 131
INFO:__main__:Hi from python OverlayLogHandler 132
INFO:__main__:Hi from python OverlayLogHandler 133
INFO:__main__:Hi from python OverlayLogHandler 134
INFO:__main__:Hi from python OverlayLogHandler 135
INFO:__main__:Hi from python OverlayLogHandler 136
INFO:__main__:Hi from python OverlayLogHandler 137
INFO:__main__:Hi from python OverlayLogHandler 138
INFO:__main__:Hi from python OverlayLogHandler 139
INFO:__main__:Hi from python OverlayLogHandler 140
INFO:__main__:Hi from python OverlayLogHandler 141
INFO:__main__:Hi from python OverlayLogHandler 142
INFO:__main__:Hi from python OverlayLogHandler 143
INFO:__main__:Hi from python OverlayLogHandler 144
INFO:__main__:Hi from python OverlayLogHandler 145
INFO:__main__:Hi from python OverlayLogHandler 146
INFO:__main__:Hi from python OverlayLogHandler 147
INFO:__main__:Hi from python OverlayLogHandler 148
INFO:__main__:Hi from python OverlayLogHandler 149
INFO:__main__:Hi from python OverlayLogHandler 150
INFO:__main__:Hi from python OverlayLogHandler 151
INFO:__main__:Hi from python OverlayLogHandler 152
INFO:__main__:Hi from python OverlayLogHandler 153
INFO:__main__:Hi from python OverlayLogHandler 154
INFO:__main__:Hi from python OverlayLogHandler 155
INFO:__main__:Hi from python OverlayLogHandler 156
INFO:__main__:Hi from python OverlayLogHandler 157
INFO:__main__:Hi from python OverlayLogHandler 158
INFO:__main__:Hi from python OverlayLogHandler 159
INFO:__main__:Hi from python OverlayLogHandler 160
INFO:__main__:Hi from python OverlayLogHandler 161
INFO:__main__:Hi from python OverlayLogHandler 162
INFO:__main__:Hi from python OverlayLogHandler 163
INFO:__main__:Hi from python OverlayLogHandler 164
INFO:__main__:Hi from python OverlayLogHandler 165
INFO:__main__:Hi from python OverlayLogHandler 166
INFO:__main__:Hi from python OverlayLogHandler 167
INFO:__main__:Hi from python OverlayLogHandler 168
INFO:__main__:Hi from python OverlayLogHandler 169
INFO:__main__:Hi from python OverlayLogHandler 170
INFO:__main__:Hi from python OverlayLogHandler 171
INFO:__main__:Hi from python OverlayLogHandler 172
INFO:__main__:Hi from python OverlayLogHandler 173
INFO:__main__:Hi from python OverlayLogHandler 174
INFO:__main__:Hi from python OverlayLogHandler 175
INFO:__main__:Hi from python OverlayLogHandler 176
INFO:__main__:Hi from python OverlayLogHandler 177
INFO:__main__:Hi from python OverlayLogHandler 178
INFO:__main__:Hi from python OverlayLogHandler 179
INFO:__main__:Hi from python OverlayLogHandler 180
INFO:__main__:Hi from python OverlayLogHandler 181
INFO:__main__:Hi from python OverlayLogHandler 182
INFO:__main__:Hi from python OverlayLogHandler 183
INFO:__main__:Hi from python OverlayLogHandler 184
INFO:__main__:Hi from python OverlayLogHandler 185
INFO:__main__:Hi from python OverlayLogHandler 186
INFO:__main__:Hi from python OverlayLogHandler 187
INFO:__main__:Hi from python OverlayLogHandler 188
INFO:__main__:Hi from python OverlayLogHandler 189
INFO:__main__:Hi from python OverlayLogHandler 190
INFO:__main__:Hi from python OverlayLogHandler 191
INFO:__main__:Hi from python OverlayLogHandler 192
INFO:__main__:Hi from python OverlayLogHandler 193
INFO:__main__:Hi from python OverlayLogHandler 194
INFO:__main__:Hi from python OverlayLogHandler 195
INFO:__main__:Hi from python OverlayLogHandler 196
INFO:__main__:Hi from python OverlayLogHandler 197
INFO:__main__:Hi from python OverlayLogHandler 198
INFO:__main__:Hi from python OverlayLogHandler 199
INFO:__main__:Hi from python OverlayLogHandler 200
INFO:__main__:Hi from python OverlayLogHandler 201
INFO:__main__:Hi from python OverlayLogHandler 202
INFO:__main__:Hi from python OverlayLogHandler 203
INFO:__main__:Hi from python OverlayLogHandler 204
INFO:__main__:Hi from python OverlayLogHandler 205
INFO:__main__:Hi from python OverlayLogHandler 206
INFO:__main__:Hi from python OverlayLogHandler 207
INFO:__main__:Hi from python OverlayLogHandler 208
INFO:__main__:Hi from python OverlayLogHandler 209
INFO:__main__:Hi from python OverlayLogHandler 210
INFO:__main__:Hi from python OverlayLogHandler 211
INFO:__main__:Hi from python OverlayLogHandler 212
INFO:__main__:Hi from python OverlayLogHandler 213
INFO:__main__:Hi from python OverlayLogHandler 0
INFO:__main__:Hi from python OverlayLogHandler 1
INFO:__main__:Hi from python OverlayLogHandler 2
INFO:__main__:Hi from python OverlayLogHandler 3
INFO:__main__:Hi from python OverlayLogHandler 4
INFO:__main__:Hi from python OverlayLogHandler 5
INFO:__main__:Hi from python OverlayLogHandler 6
INFO:__main__:Hi from python OverlayLogHandler 7
INFO:__main__:Hi from python OverlayLogHandler 8
INFO:__main__:Hi from python OverlayLogHandler 9
INFO:__main__:Hi from python OverlayLogHandler 10
INFO:__main__:Hi from python OverlayLogHandler 11
INFO:__main__:Hi from python OverlayLogHandler 12
INFO:__main__:Hi from python OverlayLogHandler 13
INFO:__main__:Hi from python OverlayLogHandler 14
INFO:__main__:Hi from python OverlayLogHandler 15
INFO:__main__:Hi from python OverlayLogHandler 16
INFO:__main__:Hi from python OverlayLogHandler 17
INFO:__main__:Hi from python OverlayLogHandler 18
INFO:__main__:Hi from python OverlayLogHandler 19
INFO:__main__:Hi from python OverlayLogHandler 20
INFO:__main__:Hi from python OverlayLogHandler 21
INFO:__main__:Hi from python OverlayLogHandler 22
INFO:__main__:Hi from python OverlayLogHandler 23
INFO:__main__:Hi from python OverlayLogHandler 24
INFO:__main__:Hi from python OverlayLogHandler 25
INFO:__main__:Hi from python OverlayLogHandler 26
INFO:__main__:Hi from python OverlayLogHandler 27
INFO:__main__:Hi from python OverlayLogHandler 28
INFO:__main__:Hi from python OverlayLogHandler 29
INFO:__main__:Hi from python OverlayLogHandler 30
INFO:__main__:Hi from python OverlayLogHandler 31
INFO:__main__:Hi from python OverlayLogHandler 32
INFO:__main__:Hi from python OverlayLogHandler 33
